<?xml version="1.0" encoding="utf-8"?>
<TestRun id="91a21a2c-2143-4814-b1aa-18b3dddbce69" name="runneradmin@fv-az177-56 2022-01-16 03:13:47" runUser="fv-az177-56\runneradmin" xmlns="http://microsoft.com/schemas/VisualStudio/TeamTest/2010">
  <Times creation="2022-01-16T03:13:47.8540181+00:00" queuing="2022-01-16T03:13:47.8540183+00:00" start="2022-01-16T03:13:45.6913736+00:00" finish="2022-01-16T03:13:51.2569786+00:00" />
  <TestSettings name="default" id="4112c8b4-42d0-4512-a624-61777a9c8c27">
    <Deployment runDeploymentRoot="runneradmin_fv-az177-56_2022-01-16_03_13_47" />
  </TestSettings>
  <Results>
    <UnitTestResult executionId="6e675070-904f-4939-8d19-9a99ae636380" testId="8ba31d1b-48e3-e04e-cff0-b927c63b4a19" testName="UnitTests.Services.LoggingServiceTests.LoggingService_DefaultConstructorExists" computerName="fv-az177-56" duration="00:00:00.0010000" startTime="2022-01-16T03:13:48.6380037+00:00" endTime="2022-01-16T03:13:48.6380037+00:00" testType="13cdc9d9-ddb5-4fa4-a97d-d965ccfc6d4b" outcome="Passed" testListId="8c84fa94-04c1-424b-9868-57a2d4851a1d" relativeResultsDirectory="6e675070-904f-4939-8d19-9a99ae636380" />
    <UnitTestResult executionId="8d8e5eb9-834a-453c-b337-52ce4f720838" testId="478b61ee-7d85-9dbe-985d-08c590f8666a" testName="UnitTests.Controllers.ItemControllerTests.DeleteItem_Deletes(itemId: 1)" computerName="fv-az177-56" duration="00:00:00.0010000" startTime="2022-01-16T03:13:51.1532703+00:00" endTime="2022-01-16T03:13:51.1532703+00:00" testType="13cdc9d9-ddb5-4fa4-a97d-d965ccfc6d4b" outcome="Passed" testListId="8c84fa94-04c1-424b-9868-57a2d4851a1d" relativeResultsDirectory="8d8e5eb9-834a-453c-b337-52ce4f720838" />
    <UnitTestResult executionId="2a9c1fe2-7e74-4362-a327-5aa89716985c" testId="aec60494-3c2e-8ec9-f948-da5bb2043983" testName="UnitTests.Controllers.ItemControllerTests.UserCanEdit_ReturnsBool(canEdit: True)" computerName="fv-az177-56" duration="00:00:00.0010000" startTime="2022-01-16T03:13:51.1212693+00:00" endTime="2022-01-16T03:13:51.1212693+00:00" testType="13cdc9d9-ddb5-4fa4-a97d-d965ccfc6d4b" outcome="Passed" testListId="8c84fa94-04c1-424b-9868-57a2d4851a1d" relativeResultsDirectory="2a9c1fe2-7e74-4362-a327-5aa89716985c" />
    <UnitTestResult executionId="86e2d04f-919b-48f4-b63d-778cca71792e" testId="572fc310-4b67-9555-f147-153d39f2eb82" testName="UnitTests.Data.Entities.ItemTests.ItemConstructsProperly" computerName="fv-az177-56" duration="00:00:00.0010000" startTime="2022-01-16T03:13:47.7128328+00:00" endTime="2022-01-16T03:13:47.7128328+00:00" testType="13cdc9d9-ddb5-4fa4-a97d-d965ccfc6d4b" outcome="Passed" testListId="8c84fa94-04c1-424b-9868-57a2d4851a1d" relativeResultsDirectory="86e2d04f-919b-48f4-b63d-778cca71792e" />
    <UnitTestResult executionId="42021d2d-a5c5-4711-a503-073c8036a178" testId="e6610648-e456-1c64-d2b1-7e1242b871a8" testName="UnitTests.Services.ItemServiceTests.DeleteItem_Deletes" computerName="fv-az177-56" duration="00:00:00.0010000" startTime="2022-01-16T03:13:49.0700094+00:00" endTime="2022-01-16T03:13:49.0700094+00:00" testType="13cdc9d9-ddb5-4fa4-a97d-d965ccfc6d4b" outcome="Passed" testListId="8c84fa94-04c1-424b-9868-57a2d4851a1d" relativeResultsDirectory="42021d2d-a5c5-4711-a503-073c8036a178" />
    <UnitTestResult executionId="14988ea4-d020-4e70-96bd-768fae4cd643" testId="e1c7f76f-6195-c844-23c0-304b47fbae66" testName="UnitTests.Data.Repositories.GenericRepositoryTests.Repository_Create_UsesUserId" computerName="fv-az177-56" duration="00:00:00.0100000" startTime="2022-01-16T03:13:50.8425594+00:00" endTime="2022-01-16T03:13:50.8425594+00:00" testType="13cdc9d9-ddb5-4fa4-a97d-d965ccfc6d4b" outcome="Passed" testListId="8c84fa94-04c1-424b-9868-57a2d4851a1d" relativeResultsDirectory="14988ea4-d020-4e70-96bd-768fae4cd643" />
    <UnitTestResult executionId="0aad714c-40b1-40b5-9282-6e961586f701" testId="0bc54975-0bff-692e-a9b3-fc69f2c95a39" testName="UnitTests.Data.Repositories.GenericRepositoryTests.GenericRepositoryDeletes" computerName="fv-az177-56" duration="00:00:01.7510000" startTime="2022-01-16T03:13:50.8305592+00:00" endTime="2022-01-16T03:13:50.8305592+00:00" testType="13cdc9d9-ddb5-4fa4-a97d-d965ccfc6d4b" outcome="Passed" testListId="8c84fa94-04c1-424b-9868-57a2d4851a1d" relativeResultsDirectory="0aad714c-40b1-40b5-9282-6e961586f701" />
    <UnitTestResult executionId="8aaa72fd-da32-40ff-a3aa-59265ce3dda2" testId="f754f777-4449-23e8-f4ec-917f49117de2" testName="UnitTests.Data.Repositories.GenericRepositoryTests.Repository_DeleteMissing_DoesNotThrow" computerName="fv-az177-56" duration="00:00:00.0100000" startTime="2022-01-16T03:13:51.0012673+00:00" endTime="2022-01-16T03:13:51.0012673+00:00" testType="13cdc9d9-ddb5-4fa4-a97d-d965ccfc6d4b" outcome="Passed" testListId="8c84fa94-04c1-424b-9868-57a2d4851a1d" relativeResultsDirectory="8aaa72fd-da32-40ff-a3aa-59265ce3dda2" />
    <UnitTestResult executionId="89578a83-86f6-4d5e-83b2-56eb1288ca0f" testId="d6094ca1-b65b-5133-f464-9f7d01f0d023" testName="UnitTests.Controllers.ItemControllerTests.DeleteItem_Deletes(itemId: 10)" computerName="fv-az177-56" duration="00:00:00.0010000" startTime="2022-01-16T03:13:51.1522668+00:00" endTime="2022-01-16T03:13:51.1522668+00:00" testType="13cdc9d9-ddb5-4fa4-a97d-d965ccfc6d4b" outcome="Passed" testListId="8c84fa94-04c1-424b-9868-57a2d4851a1d" relativeResultsDirectory="89578a83-86f6-4d5e-83b2-56eb1288ca0f" />
    <UnitTestResult executionId="bf88eae3-fa82-4187-8209-18b4466a6d09" testId="588a2c1b-7788-beb2-ade0-06788d455d25" testName="UnitTests.Controllers.ItemControllerTests.CreateItem_Creates" computerName="fv-az177-56" duration="00:00:00.0060000" startTime="2022-01-16T03:13:51.1292684+00:00" endTime="2022-01-16T03:13:51.1292684+00:00" testType="13cdc9d9-ddb5-4fa4-a97d-d965ccfc6d4b" outcome="Passed" testListId="8c84fa94-04c1-424b-9868-57a2d4851a1d" relativeResultsDirectory="bf88eae3-fa82-4187-8209-18b4466a6d09" />
    <UnitTestResult executionId="d349ef1a-ba0b-442b-9914-ec71ebd80638" testId="315adde5-f36d-a74f-aa46-fb22a0f78cd9" testName="UnitTests.Controllers.ItemControllerTests.UpdateItem_Updates" computerName="fv-az177-56" duration="00:00:00.0020000" startTime="2022-01-16T03:13:51.1502680+00:00" endTime="2022-01-16T03:13:51.1502680+00:00" testType="13cdc9d9-ddb5-4fa4-a97d-d965ccfc6d4b" outcome="Passed" testListId="8c84fa94-04c1-424b-9868-57a2d4851a1d" relativeResultsDirectory="d349ef1a-ba0b-442b-9914-ec71ebd80638" />
    <UnitTestResult executionId="c5fd7c11-cc67-4d3c-8b97-bcd43946124b" testId="d1c63cb7-1f9a-a8bf-a217-a4cbb4e5f73b" testName="UnitTests.Common.GlobalsTests.ModulePrefixIsValid" computerName="fv-az177-56" duration="00:00:00.0010000" startTime="2022-01-16T03:13:48.9250078+00:00" endTime="2022-01-16T03:13:48.9250078+00:00" testType="13cdc9d9-ddb5-4fa4-a97d-d965ccfc6d4b" outcome="Passed" testListId="8c84fa94-04c1-424b-9868-57a2d4851a1d" relativeResultsDirectory="c5fd7c11-cc67-4d3c-8b97-bcd43946124b" />
    <UnitTestResult executionId="af2928e8-cdc5-4454-a2e2-51b578ddd724" testId="d5b75914-a4f0-1327-0212-c8781f6dfe81" testName="UnitTests.EntensionMethodTests.IQueryable_IsOrdered_Works(ordered: False, descending: True, lastOrder: True)" computerName="fv-az177-56" duration="00:00:00.0140000" startTime="2022-01-16T03:13:51.1032683+00:00" endTime="2022-01-16T03:13:51.1032683+00:00" testType="13cdc9d9-ddb5-4fa4-a97d-d965ccfc6d4b" outcome="Passed" testListId="8c84fa94-04c1-424b-9868-57a2d4851a1d" relativeResultsDirectory="af2928e8-cdc5-4454-a2e2-51b578ddd724" />
    <UnitTestResult executionId="c1cf5055-179a-44b4-b23f-b6386a55351a" testId="130d9133-361f-a0da-f15e-423eb98947ac" testName="UnitTests.Services.ItemServiceTests.UpdateItem_Updates" computerName="fv-az177-56" duration="00:00:00.0230000" startTime="2022-01-16T03:13:49.0650080+00:00" endTime="2022-01-16T03:13:49.0650080+00:00" testType="13cdc9d9-ddb5-4fa4-a97d-d965ccfc6d4b" outcome="Passed" testListId="8c84fa94-04c1-424b-9868-57a2d4851a1d" relativeResultsDirectory="c1cf5055-179a-44b4-b23f-b6386a55351a" />
    <UnitTestResult executionId="46860cba-6e30-4664-a9fc-9a20bc27ab80" testId="3cbfa5d3-e0f6-eff8-ed5c-556fa1f3e131" testName="UnitTests.Services.ItemServiceTests.UpdateItem_NoName_Throws(name: &quot;&quot;)" computerName="fv-az177-56" duration="00:00:00.0010000" startTime="2022-01-16T03:13:49.0400089+00:00" endTime="2022-01-16T03:13:49.0400089+00:00" testType="13cdc9d9-ddb5-4fa4-a97d-d965ccfc6d4b" outcome="Passed" testListId="8c84fa94-04c1-424b-9868-57a2d4851a1d" relativeResultsDirectory="46860cba-6e30-4664-a9fc-9a20bc27ab80" />
    <UnitTestResult executionId="68e1926f-5e73-4a3b-9195-a02e93398501" testId="263c08b1-704a-f3c2-309e-6dee831dbdc9" testName="UnitTests.Services.ItemServiceTests.UpdateItem_NullDto_Throws" computerName="fv-az177-56" duration="00:00:00.0040000" startTime="2022-01-16T03:13:49.0250083+00:00" endTime="2022-01-16T03:13:49.0250083+00:00" testType="13cdc9d9-ddb5-4fa4-a97d-d965ccfc6d4b" outcome="Passed" testListId="8c84fa94-04c1-424b-9868-57a2d4851a1d" relativeResultsDirectory="68e1926f-5e73-4a3b-9195-a02e93398501" />
    <UnitTestResult executionId="a7b6fc41-4d05-4541-a84e-44b59d9eb25f" testId="19b6234c-c2df-2304-54f9-54b0da4cd6ba" testName="UnitTests.Services.ItemServiceTests.CreateItem_NoNameThrows" computerName="fv-az177-56" duration="00:00:00.0010000" startTime="2022-01-16T03:13:49.0270076+00:00" endTime="2022-01-16T03:13:49.0270076+00:00" testType="13cdc9d9-ddb5-4fa4-a97d-d965ccfc6d4b" outcome="Passed" testListId="8c84fa94-04c1-424b-9868-57a2d4851a1d" relativeResultsDirectory="a7b6fc41-4d05-4541-a84e-44b59d9eb25f" />
    <UnitTestResult executionId="b55e4ef9-3a0d-4dce-97c5-ae138628bd34" testId="70ede014-c412-e387-bb98-e95b3b42090d" testName="UnitTests.Data.Repositories.GenericRepositoryTests.GenericRepositoryUpdates" computerName="fv-az177-56" duration="00:00:00.0190000" startTime="2022-01-16T03:13:50.9335618+00:00" endTime="2022-01-16T03:13:50.9335618+00:00" testType="13cdc9d9-ddb5-4fa4-a97d-d965ccfc6d4b" outcome="Passed" testListId="8c84fa94-04c1-424b-9868-57a2d4851a1d" relativeResultsDirectory="b55e4ef9-3a0d-4dce-97c5-ae138628bd34" />
    <UnitTestResult executionId="c05a9071-0dc8-4fb0-91cc-dbb32ba4e386" testId="ffe5c770-9b99-42c0-ce21-7e50cccf4385" testName="UnitTests.Data.Repositories.GenericRepositoryTests.GenericRepositoryGetsAll(iterations: 2)" computerName="fv-az177-56" duration="00:00:00.0220000" startTime="2022-01-16T03:13:50.9762678+00:00" endTime="2022-01-16T03:13:50.9762678+00:00" testType="13cdc9d9-ddb5-4fa4-a97d-d965ccfc6d4b" outcome="Passed" testListId="8c84fa94-04c1-424b-9868-57a2d4851a1d" relativeResultsDirectory="c05a9071-0dc8-4fb0-91cc-dbb32ba4e386" />
    <UnitTestResult executionId="b53549e6-131a-4d9b-a738-020f28ed92a6" testId="e55f1742-c16d-5086-2251-ad3372dd48f5" testName="UnitTests.Controllers.ValidateModelAttributeTests.OnActionExecuting_Valid_Works" computerName="fv-az177-56" duration="00:00:00.0040000" startTime="2022-01-16T03:13:48.0258333+00:00" endTime="2022-01-16T03:13:48.0258333+00:00" testType="13cdc9d9-ddb5-4fa4-a97d-d965ccfc6d4b" outcome="Passed" testListId="8c84fa94-04c1-424b-9868-57a2d4851a1d" relativeResultsDirectory="b53549e6-131a-4d9b-a738-020f28ed92a6" />
    <UnitTestResult executionId="e95b5f19-a45a-4441-b72f-38146ee1948a" testId="d16880d7-fb44-f209-43d9-ba2e0e1875de" testName="UnitTests.Data.Repositories.GenericRepositoryTests.GenericRepositoryGetsAll(iterations: 1)" computerName="fv-az177-56" duration="00:00:00.0170000" startTime="2022-01-16T03:13:50.9912679+00:00" endTime="2022-01-16T03:13:50.9912679+00:00" testType="13cdc9d9-ddb5-4fa4-a97d-d965ccfc6d4b" outcome="Passed" testListId="8c84fa94-04c1-424b-9868-57a2d4851a1d" relativeResultsDirectory="e95b5f19-a45a-4441-b72f-38146ee1948a" />
    <UnitTestResult executionId="1996759a-dcbb-4288-96de-3154368f5887" testId="d15ea2a7-9f9f-b92b-50fa-470898da705d" testName="UnitTests.Data.Repositories.GenericRepositoryTests.GenericRepositoryGetsAll(iterations: 3)" computerName="fv-az177-56" duration="00:00:00.0090000" startTime="2022-01-16T03:13:50.9862663+00:00" endTime="2022-01-16T03:13:50.9862663+00:00" testType="13cdc9d9-ddb5-4fa4-a97d-d965ccfc6d4b" outcome="Passed" testListId="8c84fa94-04c1-424b-9868-57a2d4851a1d" relativeResultsDirectory="1996759a-dcbb-4288-96de-3154368f5887" />
    <UnitTestResult executionId="662d5230-3d11-40b2-afaf-16ef200b3a1b" testId="73fc5149-51d6-8241-9c9f-f48c28e448e3" testName="UnitTests.EntensionMethodTests.IQueryable_IsOrdered_ThrowsWithNull" computerName="fv-az177-56" duration="00:00:00.0010000" startTime="2022-01-16T03:13:51.1392695+00:00" endTime="2022-01-16T03:13:51.1392695+00:00" testType="13cdc9d9-ddb5-4fa4-a97d-d965ccfc6d4b" outcome="Passed" testListId="8c84fa94-04c1-424b-9868-57a2d4851a1d" relativeResultsDirectory="662d5230-3d11-40b2-afaf-16ef200b3a1b" />
    <UnitTestResult executionId="a61ddea9-cd5e-4ce2-b9dd-625f380b7a23" testId="4fe0dd0f-2fa0-9c42-e816-a6df28150b72" testName="UnitTests.Data.Repositories.GenericRepositoryTests.GenericRepositoryGetsAll(iterations: 0)" computerName="fv-az177-56" duration="00:00:00.0070000" startTime="2022-01-16T03:13:50.9772686+00:00" endTime="2022-01-16T03:13:50.9772686+00:00" testType="13cdc9d9-ddb5-4fa4-a97d-d965ccfc6d4b" outcome="Passed" testListId="8c84fa94-04c1-424b-9868-57a2d4851a1d" relativeResultsDirectory="a61ddea9-cd5e-4ce2-b9dd-625f380b7a23" />
    <UnitTestResult executionId="ec6f615b-6c0e-4ffc-9db0-54481f957ff3" testId="5f92ec4d-d570-0452-b891-d4cee75db9dd" testName="UnitTests.Controllers.ModuleApiControllerTests.CanEdit_Set_Throws" computerName="fv-az177-56" duration="00:00:00.0030000" startTime="2022-01-16T03:13:48.8710055+00:00" endTime="2022-01-16T03:13:48.8710055+00:00" testType="13cdc9d9-ddb5-4fa4-a97d-d965ccfc6d4b" outcome="Passed" testListId="8c84fa94-04c1-424b-9868-57a2d4851a1d" relativeResultsDirectory="ec6f615b-6c0e-4ffc-9db0-54481f957ff3" />
    <UnitTestResult executionId="4f261aef-da0f-4a2a-9cce-ab9427469d37" testId="e4f8faa7-d0ad-86e6-1579-7bd52372b4c3" testName="UnitTests.Data.Repositories.GenericRepositoryTests.GenericRepositoryConstructs" computerName="fv-az177-56" duration="00:00:00.0010000" startTime="2022-01-16T03:13:51.0042673+00:00" endTime="2022-01-16T03:13:51.0042673+00:00" testType="13cdc9d9-ddb5-4fa4-a97d-d965ccfc6d4b" outcome="Passed" testListId="8c84fa94-04c1-424b-9868-57a2d4851a1d" relativeResultsDirectory="4f261aef-da0f-4a2a-9cce-ab9427469d37" />
    <UnitTestResult executionId="47c84fa1-97b0-4105-a2f6-f267474873f9" testId="24cfa8b0-48c3-8aab-e4c2-88694c220e2c" testName="UnitTests.Data.Repositories.GenericRepositoryTests.GenericRepositoryUpdate_ThrowsWithNullEntity" computerName="fv-az177-56" duration="00:00:00.0010000" startTime="2022-01-16T03:13:51.0162695+00:00" endTime="2022-01-16T03:13:51.0162695+00:00" testType="13cdc9d9-ddb5-4fa4-a97d-d965ccfc6d4b" outcome="Passed" testListId="8c84fa94-04c1-424b-9868-57a2d4851a1d" relativeResultsDirectory="47c84fa1-97b0-4105-a2f6-f267474873f9" />
    <UnitTestResult executionId="f2cab6d8-8bc1-442a-8540-be57619cb1cd" testId="19223079-ea41-5691-855c-970af1a1e611" testName="UnitTests.Services.ItemServiceTests.GetItemsPage_GetsPages(page: 1, pageSize: 10, descending: False, expectedPages: 3, returnedPage: 1)" computerName="fv-az177-56" duration="00:00:00.0030000" startTime="2022-01-16T03:13:49.0160084+00:00" endTime="2022-01-16T03:13:49.0160084+00:00" testType="13cdc9d9-ddb5-4fa4-a97d-d965ccfc6d4b" outcome="Passed" testListId="8c84fa94-04c1-424b-9868-57a2d4851a1d" relativeResultsDirectory="f2cab6d8-8bc1-442a-8540-be57619cb1cd" />
    <UnitTestResult executionId="c8161da2-8017-4bf3-ba6e-29beb725edf2" testId="1b051fa0-d4cc-1b32-80bb-d56b714e3066" testName="UnitTests.Services.ItemServiceTests.GetItemsPage_GetsPages(page: 1, pageSize: 20, descending: False, expectedPages: 2, returnedPage: 1)" computerName="fv-az177-56" duration="00:00:00.0040000" startTime="2022-01-16T03:13:49.0110078+00:00" endTime="2022-01-16T03:13:49.0110078+00:00" testType="13cdc9d9-ddb5-4fa4-a97d-d965ccfc6d4b" outcome="Passed" testListId="8c84fa94-04c1-424b-9868-57a2d4851a1d" relativeResultsDirectory="c8161da2-8017-4bf3-ba6e-29beb725edf2" />
    <UnitTestResult executionId="b22fc96d-7a55-4d3c-8702-8913cd7a36be" testId="168fc980-36e3-101b-62b1-f5ab71e9fc0d" testName="UnitTests.Controllers.LocalizationControllerTests.GetLocalization_CallsLocalizationService" computerName="fv-az177-56" duration="00:00:00.0110000" startTime="2022-01-16T03:13:51.1542664+00:00" endTime="2022-01-16T03:13:51.1542664+00:00" testType="13cdc9d9-ddb5-4fa4-a97d-d965ccfc6d4b" outcome="Passed" testListId="8c84fa94-04c1-424b-9868-57a2d4851a1d" relativeResultsDirectory="b22fc96d-7a55-4d3c-8702-8913cd7a36be" />
    <UnitTestResult executionId="967ca2ad-2732-4c46-b7c6-e58277e0142b" testId="f5652070-1b22-f5a7-3f3f-68b37c9184a8" testName="UnitTests.Services.ItemServiceTests.CreateItem_NoItemThrows" computerName="fv-az177-56" duration="00:00:00.0010000" startTime="2022-01-16T03:13:49.0670084+00:00" endTime="2022-01-16T03:13:49.0670084+00:00" testType="13cdc9d9-ddb5-4fa4-a97d-d965ccfc6d4b" outcome="Passed" testListId="8c84fa94-04c1-424b-9868-57a2d4851a1d" relativeResultsDirectory="967ca2ad-2732-4c46-b7c6-e58277e0142b" />
    <UnitTestResult executionId="030625d0-c37d-43e3-92fe-afdb213633de" testId="0247c7e7-7d1c-099b-2ac8-81a47ff2509a" testName="UnitTests.Controllers.ItemControllerTests.UserCanEdit_ReturnsBool(canEdit: False)" computerName="fv-az177-56" duration="00:00:00.0390000" startTime="2022-01-16T03:13:51.1192681+00:00" endTime="2022-01-16T03:13:51.1192681+00:00" testType="13cdc9d9-ddb5-4fa4-a97d-d965ccfc6d4b" outcome="Passed" testListId="8c84fa94-04c1-424b-9868-57a2d4851a1d" relativeResultsDirectory="030625d0-c37d-43e3-92fe-afdb213633de" />
    <UnitTestResult executionId="0a0808bb-bf22-4fae-8846-12e90cb69918" testId="3140ebc5-2430-06b3-4257-a6794b9b09ac" testName="UnitTests.EntensionMethodTests.IQueryable_IsOrdered_Works(ordered: True, descending: False, lastOrder: True)" computerName="fv-az177-56" duration="00:00:00.0080000" startTime="2022-01-16T03:13:51.1062672+00:00" endTime="2022-01-16T03:13:51.1062672+00:00" testType="13cdc9d9-ddb5-4fa4-a97d-d965ccfc6d4b" outcome="Passed" testListId="8c84fa94-04c1-424b-9868-57a2d4851a1d" relativeResultsDirectory="0a0808bb-bf22-4fae-8846-12e90cb69918" />
    <UnitTestResult executionId="a94b0292-5dfc-44da-83e7-34e554e12707" testId="e6e0a140-85e7-6935-6160-ab95ecfd3c8a" testName="UnitTests.Data.Repositories.GenericRepositoryTests.GenericRepositoryCreatesAndGetsById" computerName="fv-az177-56" duration="00:00:00.0590000" startTime="2022-01-16T03:13:51.1002694+00:00" endTime="2022-01-16T03:13:51.1002694+00:00" testType="13cdc9d9-ddb5-4fa4-a97d-d965ccfc6d4b" outcome="Passed" testListId="8c84fa94-04c1-424b-9868-57a2d4851a1d" relativeResultsDirectory="a94b0292-5dfc-44da-83e7-34e554e12707" />
    <UnitTestResult executionId="d88dd087-b9c3-452b-bb9e-4e32fd736b8c" testId="92b7b9f6-1294-7ea1-ffa3-91fba85074d4" testName="UnitTests.Services.ItemServiceTests.UpdateItem_NoName_Throws(name: &quot;  &quot;)" computerName="fv-az177-56" duration="00:00:00.0010000" startTime="2022-01-16T03:13:49.0390087+00:00" endTime="2022-01-16T03:13:49.0390087+00:00" testType="13cdc9d9-ddb5-4fa4-a97d-d965ccfc6d4b" outcome="Passed" testListId="8c84fa94-04c1-424b-9868-57a2d4851a1d" relativeResultsDirectory="d88dd087-b9c3-452b-bb9e-4e32fd736b8c" />
    <UnitTestResult executionId="05436187-86e3-487d-9346-340f6435aa8a" testId="a21637b0-54f8-4fa0-bc3b-95481a9fd90b" testName="UnitTests.Controllers.ModuleExceptionFilterAttributeTests.ArgumentException_BadRequest(exception: System.ArgumentOutOfRangeException: Specified argument was out of the range of valid values.&#xD;&#xA;Parameter name: Out of range, expectedStatusCode: BadRequest)" computerName="fv-az177-56" duration="00:00:00.0100000" startTime="2022-01-16T03:13:47.9958340+00:00" endTime="2022-01-16T03:13:47.9958340+00:00" testType="13cdc9d9-ddb5-4fa4-a97d-d965ccfc6d4b" outcome="Passed" testListId="8c84fa94-04c1-424b-9868-57a2d4851a1d" relativeResultsDirectory="05436187-86e3-487d-9346-340f6435aa8a" />
    <UnitTestResult executionId="04a26bd2-8b0c-489e-a7ef-ef0b70293090" testId="a21637b0-54f8-4fa0-bc3b-95481a9fd90b" testName="UnitTests.Controllers.ModuleExceptionFilterAttributeTests.ArgumentException_BadRequest(exception: System.ArgumentException: Argument, expectedStatusCode: BadRequest)" computerName="fv-az177-56" duration="00:00:00.0010000" startTime="2022-01-16T03:13:47.9968342+00:00" endTime="2022-01-16T03:13:47.9968342+00:00" testType="13cdc9d9-ddb5-4fa4-a97d-d965ccfc6d4b" outcome="Passed" testListId="8c84fa94-04c1-424b-9868-57a2d4851a1d" relativeResultsDirectory="04a26bd2-8b0c-489e-a7ef-ef0b70293090" />
    <UnitTestResult executionId="0ceadf27-a394-4900-968f-a082a2b86519" testId="a21637b0-54f8-4fa0-bc3b-95481a9fd90b" testName="UnitTests.Controllers.ModuleExceptionFilterAttributeTests.ArgumentException_BadRequest(exception: System.TimeoutException: Timed out, expectedStatusCode: RequestTimeout)" computerName="fv-az177-56" duration="00:00:00.0010000" startTime="2022-01-16T03:13:47.9978336+00:00" endTime="2022-01-16T03:13:47.9978336+00:00" testType="13cdc9d9-ddb5-4fa4-a97d-d965ccfc6d4b" outcome="Passed" testListId="8c84fa94-04c1-424b-9868-57a2d4851a1d" relativeResultsDirectory="0ceadf27-a394-4900-968f-a082a2b86519" />
    <UnitTestResult executionId="70cd8664-9493-43df-87a6-107005fb7341" testId="0ebf358f-9eac-9438-b418-9c6aa81a6377" testName="UnitTests.Data.Repositories.GenericRepositoryTests.Repository_Update_UsesuserId" computerName="fv-az177-56" duration="00:00:00.0420000" startTime="2022-01-16T03:13:50.9125646+00:00" endTime="2022-01-16T03:13:50.9125646+00:00" testType="13cdc9d9-ddb5-4fa4-a97d-d965ccfc6d4b" outcome="Passed" testListId="8c84fa94-04c1-424b-9868-57a2d4851a1d" relativeResultsDirectory="70cd8664-9493-43df-87a6-107005fb7341" />
    <UnitTestResult executionId="91ba3411-db17-4c9d-a2f2-492a87f95bb7" testId="113f48ce-a6a3-c5df-7589-ba5a5fcb9c59" testName="UnitTests.Controllers.ModuleExceptionFilterAttributeTests.NoException_DoesNothing" computerName="fv-az177-56" duration="00:00:00.0010000" startTime="2022-01-16T03:13:48.0098340+00:00" endTime="2022-01-16T03:13:48.0098340+00:00" testType="13cdc9d9-ddb5-4fa4-a97d-d965ccfc6d4b" outcome="Passed" testListId="8c84fa94-04c1-424b-9868-57a2d4851a1d" relativeResultsDirectory="91ba3411-db17-4c9d-a2f2-492a87f95bb7" />
    <UnitTestResult executionId="b153dad5-8083-4665-9491-c912d7bf5478" testId="2d3a68b5-bf4c-0513-b733-5ed612794244" testName="UnitTests.EntensionMethodTests.IQueryable_GetPage_EmptyDoesNotThrow" computerName="fv-az177-56" duration="00:00:00.0130000" startTime="2022-01-16T03:13:51.1372669+00:00" endTime="2022-01-16T03:13:51.1372669+00:00" testType="13cdc9d9-ddb5-4fa4-a97d-d965ccfc6d4b" outcome="Passed" testListId="8c84fa94-04c1-424b-9868-57a2d4851a1d" relativeResultsDirectory="b153dad5-8083-4665-9491-c912d7bf5478" />
    <UnitTestResult executionId="a3ddcb56-2439-4734-b994-1e02e50aceff" testId="ae39aa62-5ff2-56e7-d00e-ef116d711d51" testName="UnitTests.Data.Repositories.GenericRepositoryTests.Repository_Create_DefaultAudit" computerName="fv-az177-56" duration="00:00:00.0070000" startTime="2022-01-16T03:13:51.0212674+00:00" endTime="2022-01-16T03:13:51.0212674+00:00" testType="13cdc9d9-ddb5-4fa4-a97d-d965ccfc6d4b" outcome="Passed" testListId="8c84fa94-04c1-424b-9868-57a2d4851a1d" relativeResultsDirectory="a3ddcb56-2439-4734-b994-1e02e50aceff" />
    <UnitTestResult executionId="eb8e37d3-9f7f-4565-becc-4028001917cb" testId="f46af852-6230-3d31-e31c-2959bffd491f" testName="UnitTests.EntensionMethodTests.IQueryable_IsOrdered_Works(ordered: True, descending: True, lastOrder: True)" computerName="fv-az177-56" duration="00:00:00.0090000" startTime="2022-01-16T03:13:51.1042668+00:00" endTime="2022-01-16T03:13:51.1042668+00:00" testType="13cdc9d9-ddb5-4fa4-a97d-d965ccfc6d4b" outcome="Passed" testListId="8c84fa94-04c1-424b-9868-57a2d4851a1d" relativeResultsDirectory="eb8e37d3-9f7f-4565-becc-4028001917cb" />
    <UnitTestResult executionId="d644070c-6c8a-4c51-94d9-db7655b658a4" testId="7e661283-b2b2-d632-266b-6af1f3374c08" testName="UnitTests.EntensionMethodTests.IQueryable_GetPage_PagesProperly(count: 21, page: 1, pageSize: 10, expedtedPages: 3, expectedItems: 10, firstId: 21, descending: True)" computerName="fv-az177-56" duration="00:00:00.0790000" startTime="2022-01-16T03:13:51.0912690+00:00" endTime="2022-01-16T03:13:51.0912690+00:00" testType="13cdc9d9-ddb5-4fa4-a97d-d965ccfc6d4b" outcome="Passed" testListId="8c84fa94-04c1-424b-9868-57a2d4851a1d" relativeResultsDirectory="d644070c-6c8a-4c51-94d9-db7655b658a4" />
    <UnitTestResult executionId="3854033d-4c32-478b-a3ea-86d22ddac311" testId="95a0a379-a9bd-3d99-f720-e626260de7f6" testName="UnitTests.EntensionMethodTests.IQueryable_GetPage_PagesProperly(count: 101, page: 1, pageSize: 50, expedtedPages: 3, expectedItems: 50, firstId: 1, descending: False)" computerName="fv-az177-56" duration="00:00:00.0590000" startTime="2022-01-16T03:13:50.9275594+00:00" endTime="2022-01-16T03:13:50.9275594+00:00" testType="13cdc9d9-ddb5-4fa4-a97d-d965ccfc6d4b" outcome="Passed" testListId="8c84fa94-04c1-424b-9868-57a2d4851a1d" relativeResultsDirectory="3854033d-4c32-478b-a3ea-86d22ddac311" />
    <UnitTestResult executionId="285b65d9-88ac-4db9-9bec-c7b107620ab4" testId="b80893de-3e2d-6029-ec19-65c03fd119c3" testName="UnitTests.EntensionMethodTests.IQueryable_IsOrdered_Works(ordered: False, descending: True, lastOrder: False)" computerName="fv-az177-56" duration="00:00:00.0080000" startTime="2022-01-16T03:13:51.0952679+00:00" endTime="2022-01-16T03:13:51.0952679+00:00" testType="13cdc9d9-ddb5-4fa4-a97d-d965ccfc6d4b" outcome="Passed" testListId="8c84fa94-04c1-424b-9868-57a2d4851a1d" relativeResultsDirectory="285b65d9-88ac-4db9-9bec-c7b107620ab4" />
    <UnitTestResult executionId="684069c5-c58c-4794-ab5d-10e444d947bc" testId="ac2a99ba-3563-74a9-7d4c-8e91a58cd097" testName="UnitTests.Data.ModuleDbContextTests.DefaultConstructorThrows" computerName="fv-az177-56" duration="00:00:00.0050000" startTime="2022-01-16T03:13:48.8690054+00:00" endTime="2022-01-16T03:13:48.8690054+00:00" testType="13cdc9d9-ddb5-4fa4-a97d-d965ccfc6d4b" outcome="Passed" testListId="8c84fa94-04c1-424b-9868-57a2d4851a1d" relativeResultsDirectory="684069c5-c58c-4794-ab5d-10e444d947bc" />
    <UnitTestResult executionId="6d6dd9c3-ab09-4c4a-9e40-7f7cfe72c272" testId="96a18501-dea4-70b1-d572-baa1bb120da2" testName="UnitTests.Data.Entities.ItemTests.ItemPropertiesPersist(id: 2, name: &quot;Name2&quot;, description: &quot;Description2&quot;)" computerName="fv-az177-56" duration="00:00:00.0010000" startTime="2022-01-16T03:13:47.7118318+00:00" endTime="2022-01-16T03:13:47.7118318+00:00" testType="13cdc9d9-ddb5-4fa4-a97d-d965ccfc6d4b" outcome="Passed" testListId="8c84fa94-04c1-424b-9868-57a2d4851a1d" relativeResultsDirectory="6d6dd9c3-ab09-4c4a-9e40-7f7cfe72c272" />
    <UnitTestResult executionId="55a2a736-774b-4b17-a091-a789f8bb007b" testId="a21637b0-54f8-4fa0-bc3b-95481a9fd90b" testName="UnitTests.Controllers.ModuleExceptionFilterAttributeTests.ArgumentException_BadRequest(exception: System.NotImplementedException: Not Implemented, expectedStatusCode: NotImplemented)" computerName="fv-az177-56" duration="00:00:00.0010000" startTime="2022-01-16T03:13:47.9978336+00:00" endTime="2022-01-16T03:13:47.9978336+00:00" testType="13cdc9d9-ddb5-4fa4-a97d-d965ccfc6d4b" outcome="Passed" testListId="8c84fa94-04c1-424b-9868-57a2d4851a1d" relativeResultsDirectory="55a2a736-774b-4b17-a091-a789f8bb007b" />
    <UnitTestResult executionId="83b1147c-c766-4c0d-8ffe-b765eabd1699" testId="0dc5a512-bfd0-bc80-f676-16e6d961ec4d" testName="UnitTests.EntensionMethodTests.IQueryable_IsOrdered_Works(ordered: False, descending: False, lastOrder: True)" computerName="fv-az177-56" duration="00:00:00.0110000" startTime="2022-01-16T03:13:51.1242680+00:00" endTime="2022-01-16T03:13:51.1242680+00:00" testType="13cdc9d9-ddb5-4fa4-a97d-d965ccfc6d4b" outcome="Passed" testListId="8c84fa94-04c1-424b-9868-57a2d4851a1d" relativeResultsDirectory="83b1147c-c766-4c0d-8ffe-b765eabd1699" />
    <UnitTestResult executionId="2959b361-52b6-4141-b419-e7e9949598db" testId="1017c6c1-9dd0-57dc-36e7-bb573d02562e" testName="UnitTests.Controllers.ItemControllerTests.GetItemsPage_GetsProperPages" computerName="fv-az177-56" duration="00:00:00.0150000" startTime="2022-01-16T03:13:51.1492689+00:00" endTime="2022-01-16T03:13:51.1492689+00:00" testType="13cdc9d9-ddb5-4fa4-a97d-d965ccfc6d4b" outcome="Passed" testListId="8c84fa94-04c1-424b-9868-57a2d4851a1d" relativeResultsDirectory="2959b361-52b6-4141-b419-e7e9949598db" />
    <UnitTestResult executionId="a2c98217-6e7c-4f5b-8b2d-de173e6fdfc6" testId="44b00d3a-bad7-aefd-141c-4a35b11463b2" testName="UnitTests.Data.Repositories.GenericRepositoryTests.Repository_Update_DefaultAudit" computerName="fv-az177-56" duration="00:00:00.0090000" startTime="2022-01-16T03:13:51.0142688+00:00" endTime="2022-01-16T03:13:51.0142688+00:00" testType="13cdc9d9-ddb5-4fa4-a97d-d965ccfc6d4b" outcome="Passed" testListId="8c84fa94-04c1-424b-9868-57a2d4851a1d" relativeResultsDirectory="a2c98217-6e7c-4f5b-8b2d-de173e6fdfc6" />
    <UnitTestResult executionId="5d948d96-b8db-4fce-ac41-f68453681c98" testId="61a8ccc9-c5b1-047b-3c97-f777ccc7d30b" testName="UnitTests.Controllers.ValidateModelAttributeTests.OnActionExecuting_Invalid_Works" computerName="fv-az177-56" duration="00:00:00.6090000" startTime="2022-01-16T03:13:48.6350043+00:00" endTime="2022-01-16T03:13:48.6350043+00:00" testType="13cdc9d9-ddb5-4fa4-a97d-d965ccfc6d4b" outcome="Passed" testListId="8c84fa94-04c1-424b-9868-57a2d4851a1d" relativeResultsDirectory="5d948d96-b8db-4fce-ac41-f68453681c98" />
    <UnitTestResult executionId="d2f101c6-cf24-40c3-8b5c-b186c18b27e1" testId="986d7e6e-d04d-b204-b01c-fbb8f09c7774" testName="UnitTests.Controllers.ServiceRouteMapperTests.RegisterRoutes_RegistersAtLestOneRoute" computerName="fv-az177-56" duration="00:00:00.0460000" startTime="2022-01-16T03:13:48.9220069+00:00" endTime="2022-01-16T03:13:48.9220069+00:00" testType="13cdc9d9-ddb5-4fa4-a97d-d965ccfc6d4b" outcome="Passed" testListId="8c84fa94-04c1-424b-9868-57a2d4851a1d" relativeResultsDirectory="d2f101c6-cf24-40c3-8b5c-b186c18b27e1" />
    <UnitTestResult executionId="5e3f7d18-e78f-4f18-b4e6-5d3f05e5b704" testId="a21637b0-54f8-4fa0-bc3b-95481a9fd90b" testName="UnitTests.Controllers.ModuleExceptionFilterAttributeTests.ArgumentException_BadRequest(exception: System.UnauthorizedAccessException: Unauthorized, expectedStatusCode: Unauthorized)" computerName="fv-az177-56" duration="00:00:00.0010000" startTime="2022-01-16T03:13:48.0088330+00:00" endTime="2022-01-16T03:13:48.0088330+00:00" testType="13cdc9d9-ddb5-4fa4-a97d-d965ccfc6d4b" outcome="Passed" testListId="8c84fa94-04c1-424b-9868-57a2d4851a1d" relativeResultsDirectory="5e3f7d18-e78f-4f18-b4e6-5d3f05e5b704" />
    <UnitTestResult executionId="1d483306-01c9-4cd2-9b12-ac0b6a1863ac" testId="1c164fbc-1ab1-9884-ccb8-9e84f4c977d0" testName="UnitTests.Services.ItemServiceTests.UpdateItem_NoName_Throws(name: &quot; &quot;)" computerName="fv-az177-56" duration="00:00:00.0010000" startTime="2022-01-16T03:13:49.0320087+00:00" endTime="2022-01-16T03:13:49.0320087+00:00" testType="13cdc9d9-ddb5-4fa4-a97d-d965ccfc6d4b" outcome="Passed" testListId="8c84fa94-04c1-424b-9868-57a2d4851a1d" relativeResultsDirectory="1d483306-01c9-4cd2-9b12-ac0b6a1863ac" />
    <UnitTestResult executionId="e766f714-c411-4c54-80ba-4d5c8be2cb13" testId="9168bdef-a759-f4d6-b890-b643e17324cf" testName="UnitTests.Services.LoggingServiceTests.LogginService_TestableConstructorLogsErrorWithException" computerName="fv-az177-56" duration="00:00:00.0130000" startTime="2022-01-16T03:13:48.8610065+00:00" endTime="2022-01-16T03:13:48.8610065+00:00" testType="13cdc9d9-ddb5-4fa4-a97d-d965ccfc6d4b" outcome="Passed" testListId="8c84fa94-04c1-424b-9868-57a2d4851a1d" relativeResultsDirectory="e766f714-c411-4c54-80ba-4d5c8be2cb13" />
    <UnitTestResult executionId="b8d6adfe-20ad-4f70-aab0-f2aad9c6c08f" testId="bae3532a-4a9e-c4ab-fc66-4dfa22d16170" testName="UnitTests.Controllers.ModuleApiControllerTests.HasUserInfo" computerName="fv-az177-56" duration="00:00:00.0030000" startTime="2022-01-16T03:13:48.8740057+00:00" endTime="2022-01-16T03:13:48.8740057+00:00" testType="13cdc9d9-ddb5-4fa4-a97d-d965ccfc6d4b" outcome="Passed" testListId="8c84fa94-04c1-424b-9868-57a2d4851a1d" relativeResultsDirectory="b8d6adfe-20ad-4f70-aab0-f2aad9c6c08f" />
    <UnitTestResult executionId="899fd3c4-d5d8-4241-bf16-ba0c950885b4" testId="0f141a30-05bd-f4ed-a627-d40adca6b3ca" testName="UnitTests.Services.ItemServiceTests.GetItemsPage_GetsPages(page: 4, pageSize: 10, descending: False, expectedPages: 3, returnedPage: 3)" computerName="fv-az177-56" duration="00:00:00.0030000" startTime="2022-01-16T03:13:49.0200074+00:00" endTime="2022-01-16T03:13:49.0200074+00:00" testType="13cdc9d9-ddb5-4fa4-a97d-d965ccfc6d4b" outcome="Passed" testListId="8c84fa94-04c1-424b-9868-57a2d4851a1d" relativeResultsDirectory="899fd3c4-d5d8-4241-bf16-ba0c950885b4" />
    <UnitTestResult executionId="c6bb264d-1102-443a-937e-f63da1513a03" testId="8bbc68bc-7714-d990-1480-dfaedaafbd62" testName="UnitTests.EntensionMethodTests.IQueryable_GetPage_PagesProperly(count: 0, page: 0, pageSize: 0, expedtedPages: 0, expectedItems: 0, firstId: null, descending: False)" computerName="fv-az177-56" duration="00:00:00.0260000" startTime="2022-01-16T03:13:50.8665603+00:00" endTime="2022-01-16T03:13:50.8665603+00:00" testType="13cdc9d9-ddb5-4fa4-a97d-d965ccfc6d4b" outcome="Passed" testListId="8c84fa94-04c1-424b-9868-57a2d4851a1d" relativeResultsDirectory="c6bb264d-1102-443a-937e-f63da1513a03" />
    <UnitTestResult executionId="72a31bbd-d0ba-4560-ba99-8b1dc6df8fce" testId="36689490-09d4-917f-648a-70dcfcfede10" testName="UnitTests.Data.Repositories.GenericRepositoryTests.GenericRepositoryCreate_ThrowsWithNullEntity" computerName="fv-az177-56" duration="00:00:00.0010000" startTime="2022-01-16T03:13:50.8705580+00:00" endTime="2022-01-16T03:13:50.8705580+00:00" testType="13cdc9d9-ddb5-4fa4-a97d-d965ccfc6d4b" outcome="Passed" testListId="8c84fa94-04c1-424b-9868-57a2d4851a1d" relativeResultsDirectory="72a31bbd-d0ba-4560-ba99-8b1dc6df8fce" />
    <UnitTestResult executionId="37f6dc62-6ecf-4427-be44-82c2f5e0e099" testId="b76e01b1-6afe-f33b-c6a9-ea3347176509" testName="UnitTests.Services.ItemServiceTests.UpdateItem_NoName_Throws(name: null)" computerName="fv-az177-56" duration="00:00:00.0010000" startTime="2022-01-16T03:13:49.0300079+00:00" endTime="2022-01-16T03:13:49.0300079+00:00" testType="13cdc9d9-ddb5-4fa4-a97d-d965ccfc6d4b" outcome="Passed" testListId="8c84fa94-04c1-424b-9868-57a2d4851a1d" relativeResultsDirectory="37f6dc62-6ecf-4427-be44-82c2f5e0e099" />
    <UnitTestResult executionId="c2ff759f-c6cb-46b1-88e2-5f5dc49f948d" testId="6f0b47a1-9d18-a5d8-8dd1-c8f266712c15" testName="UnitTests.EntensionMethodTests.IQueryable_IsOrdered_Works(ordered: True, descending: True, lastOrder: False)" computerName="fv-az177-56" duration="00:00:00.0080000" startTime="2022-01-16T03:13:51.0962661+00:00" endTime="2022-01-16T03:13:51.0962661+00:00" testType="13cdc9d9-ddb5-4fa4-a97d-d965ccfc6d4b" outcome="Passed" testListId="8c84fa94-04c1-424b-9868-57a2d4851a1d" relativeResultsDirectory="c2ff759f-c6cb-46b1-88e2-5f5dc49f948d" />
    <UnitTestResult executionId="3ca7ef11-1d3f-4fd9-ad96-61dcb1d7c106" testId="1a74e347-4470-5271-97ab-1ebaf8693270" testName="UnitTests.Controllers.ModuleExceptionFilterAttributeTests.SystemException_DoesNotExposeDetails" computerName="fv-az177-56" duration="00:00:00.0250000" startTime="2022-01-16T03:13:48.0218338+00:00" endTime="2022-01-16T03:13:48.0218338+00:00" testType="13cdc9d9-ddb5-4fa4-a97d-d965ccfc6d4b" outcome="Passed" testListId="8c84fa94-04c1-424b-9868-57a2d4851a1d" relativeResultsDirectory="3ca7ef11-1d3f-4fd9-ad96-61dcb1d7c106" />
    <UnitTestResult executionId="56379425-cbb9-457c-aabe-6070b4ea28bb" testId="0864c31d-6119-84d6-7f52-9d349dabbe84" testName="UnitTests.Services.ItemServiceTests.GetItemsPage_GetsPages(page: 0, pageSize: 0, descending: True, expectedPages: 30, returnedPage: 1)" computerName="fv-az177-56" duration="00:00:00.0830000" startTime="2022-01-16T03:13:49.0060083+00:00" endTime="2022-01-16T03:13:49.0060083+00:00" testType="13cdc9d9-ddb5-4fa4-a97d-d965ccfc6d4b" outcome="Passed" testListId="8c84fa94-04c1-424b-9868-57a2d4851a1d" relativeResultsDirectory="56379425-cbb9-457c-aabe-6070b4ea28bb" />
    <UnitTestResult executionId="e2fbe3b9-2154-445b-ad30-49974c385557" testId="b72028ed-e29e-ac6a-9e2e-bf700facee4e" testName="UnitTests.EntensionMethodTests.IQueryable_IsOrdered_Works(ordered: True, descending: False, lastOrder: False)" computerName="fv-az177-56" duration="00:00:00.0080000" startTime="2022-01-16T03:13:51.1132681+00:00" endTime="2022-01-16T03:13:51.1132681+00:00" testType="13cdc9d9-ddb5-4fa4-a97d-d965ccfc6d4b" outcome="Passed" testListId="8c84fa94-04c1-424b-9868-57a2d4851a1d" relativeResultsDirectory="e2fbe3b9-2154-445b-ad30-49974c385557" />
    <UnitTestResult executionId="04e3d0a9-9e41-42e4-8d35-7c2d0acd49cc" testId="4bb697d7-9cb3-28c5-7c49-3e60c8ee823d" testName="UnitTests.EntensionMethodTests.IQueryable_GetPage_PagesProperly(count: 0, page: -1, pageSize: -1, expedtedPages: 0, expectedItems: 0, firstId: null, descending: False)" computerName="fv-az177-56" duration="00:00:00.0110000" startTime="2022-01-16T03:13:50.9385611+00:00" endTime="2022-01-16T03:13:50.9385611+00:00" testType="13cdc9d9-ddb5-4fa4-a97d-d965ccfc6d4b" outcome="Passed" testListId="8c84fa94-04c1-424b-9868-57a2d4851a1d" relativeResultsDirectory="04e3d0a9-9e41-42e4-8d35-7c2d0acd49cc" />
    <UnitTestResult executionId="13acf107-ef84-4287-958c-72fbd97d823d" testId="a21637b0-54f8-4fa0-bc3b-95481a9fd90b" testName="UnitTests.Controllers.ModuleExceptionFilterAttributeTests.ArgumentException_BadRequest(exception: System.ArgumentNullException: Value cannot be null.&#xD;&#xA;Parameter name: Null, expectedStatusCode: BadRequest)" computerName="fv-az177-56" duration="00:00:00.3480000" startTime="2022-01-16T03:13:47.9868329+00:00" endTime="2022-01-16T03:13:47.9868329+00:00" testType="13cdc9d9-ddb5-4fa4-a97d-d965ccfc6d4b" outcome="Passed" testListId="8c84fa94-04c1-424b-9868-57a2d4851a1d" relativeResultsDirectory="13acf107-ef84-4287-958c-72fbd97d823d" />
    <UnitTestResult executionId="37cc0169-09b8-4002-a8f3-37e0a32fe489" testId="320e3c11-11d1-b3ef-0d2e-5e474f674ff1" testName="UnitTests.Controllers.ModuleApiControllerTests.CanEdit_DefaultsToFalse" computerName="fv-az177-56" duration="00:00:00.0020000" startTime="2022-01-16T03:13:48.8760064+00:00" endTime="2022-01-16T03:13:48.8760064+00:00" testType="13cdc9d9-ddb5-4fa4-a97d-d965ccfc6d4b" outcome="Passed" testListId="8c84fa94-04c1-424b-9868-57a2d4851a1d" relativeResultsDirectory="37cc0169-09b8-4002-a8f3-37e0a32fe489" />
    <UnitTestResult executionId="fae79fbb-99a1-486a-bc4e-94a7a1adcfd6" testId="ac1c50bc-98fd-036f-fe0f-d46cb187f90e" testName="UnitTests.Services.LoggingServiceTests.LogginService_TestableConstructorLogsError" computerName="fv-az177-56" duration="00:00:00.2100000" startTime="2022-01-16T03:13:48.8460059+00:00" endTime="2022-01-16T03:13:48.8460059+00:00" testType="13cdc9d9-ddb5-4fa4-a97d-d965ccfc6d4b" outcome="Passed" testListId="8c84fa94-04c1-424b-9868-57a2d4851a1d" relativeResultsDirectory="fae79fbb-99a1-486a-bc4e-94a7a1adcfd6" />
    <UnitTestResult executionId="b4e8a1e2-6cd4-4795-b6d7-c0e78aab4546" testId="ad3412e8-5f64-2020-a5b6-bd4cca8c3b7d" testName="UnitTests.Data.Repositories.GenericRepositoryTests.GenericRepositoryGet" computerName="fv-az177-56" duration="00:00:00.0090000" startTime="2022-01-16T03:13:50.8685612+00:00" endTime="2022-01-16T03:13:50.8685612+00:00" testType="13cdc9d9-ddb5-4fa4-a97d-d965ccfc6d4b" outcome="Passed" testListId="8c84fa94-04c1-424b-9868-57a2d4851a1d" relativeResultsDirectory="b4e8a1e2-6cd4-4795-b6d7-c0e78aab4546" />
    <UnitTestResult executionId="3d728441-b98e-470c-90ec-1af686fe545a" testId="2aef35a8-73ad-0c03-c8a4-2b5a1d37af8f" testName="UnitTests.EntensionMethodTests.IQueryable_IsOrdered_Works(ordered: False, descending: False, lastOrder: False)" computerName="fv-az177-56" duration="00:00:00.0130000" startTime="2022-01-16T03:13:51.0932672+00:00" endTime="2022-01-16T03:13:51.0932672+00:00" testType="13cdc9d9-ddb5-4fa4-a97d-d965ccfc6d4b" outcome="Passed" testListId="8c84fa94-04c1-424b-9868-57a2d4851a1d" relativeResultsDirectory="3d728441-b98e-470c-90ec-1af686fe545a" />
    <UnitTestResult executionId="40b1febe-5f8e-4abe-aa30-9749acf41d49" testId="9207202d-19b8-8eb5-74dc-6aa5d849467c" testName="UnitTests.EntensionMethodTests.IQueryable_GetPage_PagesProperly(count: 10, page: 1, pageSize: 10, expedtedPages: 1, expectedItems: 10, firstId: 1, descending: False)" computerName="fv-az177-56" duration="00:00:00.0290000" startTime="2022-01-16T03:13:50.9792697+00:00" endTime="2022-01-16T03:13:50.9792697+00:00" testType="13cdc9d9-ddb5-4fa4-a97d-d965ccfc6d4b" outcome="Passed" testListId="8c84fa94-04c1-424b-9868-57a2d4851a1d" relativeResultsDirectory="40b1febe-5f8e-4abe-aa30-9749acf41d49" />
    <UnitTestResult executionId="ec6b35cd-34ea-4834-a92b-a12082fda89f" testId="a9198ad3-782e-a37c-0b5f-1330f5318f55" testName="UnitTests.Services.ItemServiceTests.CreateItem_Creates" computerName="fv-az177-56" duration="00:00:00.0080000" startTime="2022-01-16T03:13:49.0780071+00:00" endTime="2022-01-16T03:13:49.0780071+00:00" testType="13cdc9d9-ddb5-4fa4-a97d-d965ccfc6d4b" outcome="Passed" testListId="8c84fa94-04c1-424b-9868-57a2d4851a1d" relativeResultsDirectory="ec6b35cd-34ea-4834-a92b-a12082fda89f" />
    <UnitTestResult executionId="61225e08-aec5-46cc-adb6-f69d486c6d0a" testId="2695f427-ed7b-9f97-5696-f97a7702128c" testName="UnitTests.EntensionMethodTests.IQueryable_GetPage_PagesProperly(count: 20, page: 2, pageSize: 10, expedtedPages: 2, expectedItems: 10, firstId: 11, descending: False)" computerName="fv-az177-56" duration="00:00:03.1680000" startTime="2022-01-16T03:13:50.8405589+00:00" endTime="2022-01-16T03:13:50.8405589+00:00" testType="13cdc9d9-ddb5-4fa4-a97d-d965ccfc6d4b" outcome="Passed" testListId="8c84fa94-04c1-424b-9868-57a2d4851a1d" relativeResultsDirectory="61225e08-aec5-46cc-adb6-f69d486c6d0a" />
    <UnitTestResult executionId="f1ab5f10-0c62-4263-ba9d-ba1ffa3788c8" testId="392ed628-2028-c945-b97e-893658a1e82b" testName="UnitTests.Data.Entities.ItemTests.ItemPropertiesPersist(id: 1, name: &quot;Name1&quot;, description: &quot;Description1&quot;)" computerName="fv-az177-56" duration="00:00:00.0230000" startTime="2022-01-16T03:13:47.7028319+00:00" endTime="2022-01-16T03:13:47.7028319+00:00" testType="13cdc9d9-ddb5-4fa4-a97d-d965ccfc6d4b" outcome="Passed" testListId="8c84fa94-04c1-424b-9868-57a2d4851a1d" relativeResultsDirectory="f1ab5f10-0c62-4263-ba9d-ba1ffa3788c8" />
  </Results>
  <TestDefinitions>
    <UnitTest name="UnitTests.Controllers.ItemControllerTests.DeleteItem_Deletes(itemId: 1)" storage="d:\a\mymodule20220115\mymodule20220115\unittests\bin\unittests.dll" id="478b61ee-7d85-9dbe-985d-08c590f8666a">
      <Execution id="8d8e5eb9-834a-453c-b337-52ce4f720838" />
      <TestMethod codeBase="D:\a\MyModule20220115\MyModule20220115\UnitTests\bin\UnitTests.dll" adapterTypeName="executor://xunit/VsTestRunner2/net" className="UnitTests.Controllers.ItemControllerTests" name="DeleteItem_Deletes" />
    </UnitTest>
    <UnitTest name="UnitTests.EntensionMethodTests.IQueryable_IsOrdered_Works(ordered: True, descending: True, lastOrder: False)" storage="d:\a\mymodule20220115\mymodule20220115\unittests\bin\unittests.dll" id="6f0b47a1-9d18-a5d8-8dd1-c8f266712c15">
      <Execution id="c2ff759f-c6cb-46b1-88e2-5f5dc49f948d" />
      <TestMethod codeBase="D:\a\MyModule20220115\MyModule20220115\UnitTests\bin\UnitTests.dll" adapterTypeName="executor://xunit/VsTestRunner2/net" className="UnitTests.EntensionMethodTests" name="IQueryable_IsOrdered_Works" />
    </UnitTest>
    <UnitTest name="UnitTests.Controllers.ItemControllerTests.UserCanEdit_ReturnsBool(canEdit: False)" storage="d:\a\mymodule20220115\mymodule20220115\unittests\bin\unittests.dll" id="0247c7e7-7d1c-099b-2ac8-81a47ff2509a">
      <Execution id="030625d0-c37d-43e3-92fe-afdb213633de" />
      <TestMethod codeBase="D:\a\MyModule20220115\MyModule20220115\UnitTests\bin\UnitTests.dll" adapterTypeName="executor://xunit/VsTestRunner2/net" className="UnitTests.Controllers.ItemControllerTests" name="UserCanEdit_ReturnsBool" />
    </UnitTest>
    <UnitTest name="UnitTests.EntensionMethodTests.IQueryable_GetPage_PagesProperly(count: 21, page: 1, pageSize: 10, expedtedPages: 3, expectedItems: 10, firstId: 21, descending: True)" storage="d:\a\mymodule20220115\mymodule20220115\unittests\bin\unittests.dll" id="7e661283-b2b2-d632-266b-6af1f3374c08">
      <Execution id="d644070c-6c8a-4c51-94d9-db7655b658a4" />
      <TestMethod codeBase="D:\a\MyModule20220115\MyModule20220115\UnitTests\bin\UnitTests.dll" adapterTypeName="executor://xunit/VsTestRunner2/net" className="UnitTests.EntensionMethodTests" name="IQueryable_GetPage_PagesProperly" />
    </UnitTest>
    <UnitTest name="UnitTests.Controllers.LocalizationControllerTests.GetLocalization_CallsLocalizationService" storage="d:\a\mymodule20220115\mymodule20220115\unittests\bin\unittests.dll" id="168fc980-36e3-101b-62b1-f5ab71e9fc0d">
      <Execution id="b22fc96d-7a55-4d3c-8702-8913cd7a36be" />
      <TestMethod codeBase="D:\a\MyModule20220115\MyModule20220115\UnitTests\bin\UnitTests.dll" adapterTypeName="executor://xunit/VsTestRunner2/net" className="UnitTests.Controllers.LocalizationControllerTests" name="GetLocalization_CallsLocalizationService" />
    </UnitTest>
    <UnitTest name="UnitTests.Data.ModuleDbContextTests.DefaultConstructorThrows" storage="d:\a\mymodule20220115\mymodule20220115\unittests\bin\unittests.dll" id="ac2a99ba-3563-74a9-7d4c-8e91a58cd097">
      <Execution id="684069c5-c58c-4794-ab5d-10e444d947bc" />
      <TestMethod codeBase="D:\a\MyModule20220115\MyModule20220115\UnitTests\bin\UnitTests.dll" adapterTypeName="executor://xunit/VsTestRunner2/net" className="UnitTests.Data.ModuleDbContextTests" name="DefaultConstructorThrows" />
    </UnitTest>
    <UnitTest name="UnitTests.Controllers.ModuleApiControllerTests.CanEdit_DefaultsToFalse" storage="d:\a\mymodule20220115\mymodule20220115\unittests\bin\unittests.dll" id="320e3c11-11d1-b3ef-0d2e-5e474f674ff1">
      <Execution id="37cc0169-09b8-4002-a8f3-37e0a32fe489" />
      <TestMethod codeBase="D:\a\MyModule20220115\MyModule20220115\UnitTests\bin\UnitTests.dll" adapterTypeName="executor://xunit/VsTestRunner2/net" className="UnitTests.Controllers.ModuleApiControllerTests" name="CanEdit_DefaultsToFalse" />
    </UnitTest>
    <UnitTest name="UnitTests.Data.Repositories.GenericRepositoryTests.GenericRepositoryCreatesAndGetsById" storage="d:\a\mymodule20220115\mymodule20220115\unittests\bin\unittests.dll" id="e6e0a140-85e7-6935-6160-ab95ecfd3c8a">
      <Execution id="a94b0292-5dfc-44da-83e7-34e554e12707" />
      <TestMethod codeBase="D:\a\MyModule20220115\MyModule20220115\UnitTests\bin\UnitTests.dll" adapterTypeName="executor://xunit/VsTestRunner2/net" className="UnitTests.Data.Repositories.GenericRepositoryTests" name="GenericRepositoryCreatesAndGetsById" />
    </UnitTest>
    <UnitTest name="UnitTests.Services.ItemServiceTests.GetItemsPage_GetsPages(page: 4, pageSize: 10, descending: False, expectedPages: 3, returnedPage: 3)" storage="d:\a\mymodule20220115\mymodule20220115\unittests\bin\unittests.dll" id="0f141a30-05bd-f4ed-a627-d40adca6b3ca">
      <Execution id="899fd3c4-d5d8-4241-bf16-ba0c950885b4" />
      <TestMethod codeBase="D:\a\MyModule20220115\MyModule20220115\UnitTests\bin\UnitTests.dll" adapterTypeName="executor://xunit/VsTestRunner2/net" className="UnitTests.Services.ItemServiceTests" name="GetItemsPage_GetsPages" />
    </UnitTest>
    <UnitTest name="UnitTests.Services.ItemServiceTests.UpdateItem_NoName_Throws(name: &quot; &quot;)" storage="d:\a\mymodule20220115\mymodule20220115\unittests\bin\unittests.dll" id="1c164fbc-1ab1-9884-ccb8-9e84f4c977d0">
      <Execution id="1d483306-01c9-4cd2-9b12-ac0b6a1863ac" />
      <TestMethod codeBase="D:\a\MyModule20220115\MyModule20220115\UnitTests\bin\UnitTests.dll" adapterTypeName="executor://xunit/VsTestRunner2/net" className="UnitTests.Services.ItemServiceTests" name="UpdateItem_NoName_Throws" />
    </UnitTest>
    <UnitTest name="UnitTests.EntensionMethodTests.IQueryable_IsOrdered_Works(ordered: False, descending: False, lastOrder: False)" storage="d:\a\mymodule20220115\mymodule20220115\unittests\bin\unittests.dll" id="2aef35a8-73ad-0c03-c8a4-2b5a1d37af8f">
      <Execution id="3d728441-b98e-470c-90ec-1af686fe545a" />
      <TestMethod codeBase="D:\a\MyModule20220115\MyModule20220115\UnitTests\bin\UnitTests.dll" adapterTypeName="executor://xunit/VsTestRunner2/net" className="UnitTests.EntensionMethodTests" name="IQueryable_IsOrdered_Works" />
    </UnitTest>
    <UnitTest name="UnitTests.EntensionMethodTests.IQueryable_GetPage_PagesProperly(count: 101, page: 1, pageSize: 50, expedtedPages: 3, expectedItems: 50, firstId: 1, descending: False)" storage="d:\a\mymodule20220115\mymodule20220115\unittests\bin\unittests.dll" id="95a0a379-a9bd-3d99-f720-e626260de7f6">
      <Execution id="3854033d-4c32-478b-a3ea-86d22ddac311" />
      <TestMethod codeBase="D:\a\MyModule20220115\MyModule20220115\UnitTests\bin\UnitTests.dll" adapterTypeName="executor://xunit/VsTestRunner2/net" className="UnitTests.EntensionMethodTests" name="IQueryable_GetPage_PagesProperly" />
    </UnitTest>
    <UnitTest name="UnitTests.EntensionMethodTests.IQueryable_GetPage_PagesProperly(count: 0, page: -1, pageSize: -1, expedtedPages: 0, expectedItems: 0, firstId: null, descending: False)" storage="d:\a\mymodule20220115\mymodule20220115\unittests\bin\unittests.dll" id="4bb697d7-9cb3-28c5-7c49-3e60c8ee823d">
      <Execution id="04e3d0a9-9e41-42e4-8d35-7c2d0acd49cc" />
      <TestMethod codeBase="D:\a\MyModule20220115\MyModule20220115\UnitTests\bin\UnitTests.dll" adapterTypeName="executor://xunit/VsTestRunner2/net" className="UnitTests.EntensionMethodTests" name="IQueryable_GetPage_PagesProperly" />
    </UnitTest>
    <UnitTest name="UnitTests.Data.Repositories.GenericRepositoryTests.Repository_Update_UsesuserId" storage="d:\a\mymodule20220115\mymodule20220115\unittests\bin\unittests.dll" id="0ebf358f-9eac-9438-b418-9c6aa81a6377">
      <Execution id="70cd8664-9493-43df-87a6-107005fb7341" />
      <TestMethod codeBase="D:\a\MyModule20220115\MyModule20220115\UnitTests\bin\UnitTests.dll" adapterTypeName="executor://xunit/VsTestRunner2/net" className="UnitTests.Data.Repositories.GenericRepositoryTests" name="Repository_Update_UsesuserId" />
    </UnitTest>
    <UnitTest name="UnitTests.Services.ItemServiceTests.CreateItem_Creates" storage="d:\a\mymodule20220115\mymodule20220115\unittests\bin\unittests.dll" id="a9198ad3-782e-a37c-0b5f-1330f5318f55">
      <Execution id="ec6b35cd-34ea-4834-a92b-a12082fda89f" />
      <TestMethod codeBase="D:\a\MyModule20220115\MyModule20220115\UnitTests\bin\UnitTests.dll" adapterTypeName="executor://xunit/VsTestRunner2/net" className="UnitTests.Services.ItemServiceTests" name="CreateItem_Creates" />
    </UnitTest>
    <UnitTest name="UnitTests.Controllers.ValidateModelAttributeTests.OnActionExecuting_Invalid_Works" storage="d:\a\mymodule20220115\mymodule20220115\unittests\bin\unittests.dll" id="61a8ccc9-c5b1-047b-3c97-f777ccc7d30b">
      <Execution id="5d948d96-b8db-4fce-ac41-f68453681c98" />
      <TestMethod codeBase="D:\a\MyModule20220115\MyModule20220115\UnitTests\bin\UnitTests.dll" adapterTypeName="executor://xunit/VsTestRunner2/net" className="UnitTests.Controllers.ValidateModelAttributeTests" name="OnActionExecuting_Invalid_Works" />
    </UnitTest>
    <UnitTest name="UnitTests.EntensionMethodTests.IQueryable_IsOrdered_Works(ordered: False, descending: True, lastOrder: False)" storage="d:\a\mymodule20220115\mymodule20220115\unittests\bin\unittests.dll" id="b80893de-3e2d-6029-ec19-65c03fd119c3">
      <Execution id="285b65d9-88ac-4db9-9bec-c7b107620ab4" />
      <TestMethod codeBase="D:\a\MyModule20220115\MyModule20220115\UnitTests\bin\UnitTests.dll" adapterTypeName="executor://xunit/VsTestRunner2/net" className="UnitTests.EntensionMethodTests" name="IQueryable_IsOrdered_Works" />
    </UnitTest>
    <UnitTest name="UnitTests.Services.ItemServiceTests.GetItemsPage_GetsPages(page: 1, pageSize: 20, descending: False, expectedPages: 2, returnedPage: 1)" storage="d:\a\mymodule20220115\mymodule20220115\unittests\bin\unittests.dll" id="1b051fa0-d4cc-1b32-80bb-d56b714e3066">
      <Execution id="c8161da2-8017-4bf3-ba6e-29beb725edf2" />
      <TestMethod codeBase="D:\a\MyModule20220115\MyModule20220115\UnitTests\bin\UnitTests.dll" adapterTypeName="executor://xunit/VsTestRunner2/net" className="UnitTests.Services.ItemServiceTests" name="GetItemsPage_GetsPages" />
    </UnitTest>
    <UnitTest name="UnitTests.Data.Repositories.GenericRepositoryTests.GenericRepositoryGet" storage="d:\a\mymodule20220115\mymodule20220115\unittests\bin\unittests.dll" id="ad3412e8-5f64-2020-a5b6-bd4cca8c3b7d">
      <Execution id="b4e8a1e2-6cd4-4795-b6d7-c0e78aab4546" />
      <TestMethod codeBase="D:\a\MyModule20220115\MyModule20220115\UnitTests\bin\UnitTests.dll" adapterTypeName="executor://xunit/VsTestRunner2/net" className="UnitTests.Data.Repositories.GenericRepositoryTests" name="GenericRepositoryGet" />
    </UnitTest>
    <UnitTest name="UnitTests.Services.LoggingServiceTests.LogginService_TestableConstructorLogsError" storage="d:\a\mymodule20220115\mymodule20220115\unittests\bin\unittests.dll" id="ac1c50bc-98fd-036f-fe0f-d46cb187f90e">
      <Execution id="fae79fbb-99a1-486a-bc4e-94a7a1adcfd6" />
      <TestMethod codeBase="D:\a\MyModule20220115\MyModule20220115\UnitTests\bin\UnitTests.dll" adapterTypeName="executor://xunit/VsTestRunner2/net" className="UnitTests.Services.LoggingServiceTests" name="LogginService_TestableConstructorLogsError" />
    </UnitTest>
    <UnitTest name="UnitTests.Data.Repositories.GenericRepositoryTests.GenericRepositoryUpdate_ThrowsWithNullEntity" storage="d:\a\mymodule20220115\mymodule20220115\unittests\bin\unittests.dll" id="24cfa8b0-48c3-8aab-e4c2-88694c220e2c">
      <Execution id="47c84fa1-97b0-4105-a2f6-f267474873f9" />
      <TestMethod codeBase="D:\a\MyModule20220115\MyModule20220115\UnitTests\bin\UnitTests.dll" adapterTypeName="executor://xunit/VsTestRunner2/net" className="UnitTests.Data.Repositories.GenericRepositoryTests" name="GenericRepositoryUpdate_ThrowsWithNullEntity" />
    </UnitTest>
    <UnitTest name="UnitTests.Data.Repositories.GenericRepositoryTests.GenericRepositoryGetsAll(iterations: 3)" storage="d:\a\mymodule20220115\mymodule20220115\unittests\bin\unittests.dll" id="d15ea2a7-9f9f-b92b-50fa-470898da705d">
      <Execution id="1996759a-dcbb-4288-96de-3154368f5887" />
      <TestMethod codeBase="D:\a\MyModule20220115\MyModule20220115\UnitTests\bin\UnitTests.dll" adapterTypeName="executor://xunit/VsTestRunner2/net" className="UnitTests.Data.Repositories.GenericRepositoryTests" name="GenericRepositoryGetsAll" />
    </UnitTest>
    <UnitTest name="UnitTests.Common.GlobalsTests.ModulePrefixIsValid" storage="d:\a\mymodule20220115\mymodule20220115\unittests\bin\unittests.dll" id="d1c63cb7-1f9a-a8bf-a217-a4cbb4e5f73b">
      <Execution id="c5fd7c11-cc67-4d3c-8b97-bcd43946124b" />
      <TestMethod codeBase="D:\a\MyModule20220115\MyModule20220115\UnitTests\bin\UnitTests.dll" adapterTypeName="executor://xunit/VsTestRunner2/net" className="UnitTests.Common.GlobalsTests" name="ModulePrefixIsValid" />
    </UnitTest>
    <UnitTest name="UnitTests.Data.Entities.ItemTests.ItemPropertiesPersist(id: 2, name: &quot;Name2&quot;, description: &quot;Description2&quot;)" storage="d:\a\mymodule20220115\mymodule20220115\unittests\bin\unittests.dll" id="96a18501-dea4-70b1-d572-baa1bb120da2">
      <Execution id="6d6dd9c3-ab09-4c4a-9e40-7f7cfe72c272" />
      <TestMethod codeBase="D:\a\MyModule20220115\MyModule20220115\UnitTests\bin\UnitTests.dll" adapterTypeName="executor://xunit/VsTestRunner2/net" className="UnitTests.Data.Entities.ItemTests" name="ItemPropertiesPersist" />
    </UnitTest>
    <UnitTest name="UnitTests.Controllers.ServiceRouteMapperTests.RegisterRoutes_RegistersAtLestOneRoute" storage="d:\a\mymodule20220115\mymodule20220115\unittests\bin\unittests.dll" id="986d7e6e-d04d-b204-b01c-fbb8f09c7774">
      <Execution id="d2f101c6-cf24-40c3-8b5c-b186c18b27e1" />
      <TestMethod codeBase="D:\a\MyModule20220115\MyModule20220115\UnitTests\bin\UnitTests.dll" adapterTypeName="executor://xunit/VsTestRunner2/net" className="UnitTests.Controllers.ServiceRouteMapperTests" name="RegisterRoutes_RegistersAtLestOneRoute" />
    </UnitTest>
    <UnitTest name="UnitTests.EntensionMethodTests.IQueryable_GetPage_PagesProperly(count: 10, page: 1, pageSize: 10, expedtedPages: 1, expectedItems: 10, firstId: 1, descending: False)" storage="d:\a\mymodule20220115\mymodule20220115\unittests\bin\unittests.dll" id="9207202d-19b8-8eb5-74dc-6aa5d849467c">
      <Execution id="40b1febe-5f8e-4abe-aa30-9749acf41d49" />
      <TestMethod codeBase="D:\a\MyModule20220115\MyModule20220115\UnitTests\bin\UnitTests.dll" adapterTypeName="executor://xunit/VsTestRunner2/net" className="UnitTests.EntensionMethodTests" name="IQueryable_GetPage_PagesProperly" />
    </UnitTest>
    <UnitTest name="UnitTests.Controllers.ModuleExceptionFilterAttributeTests.SystemException_DoesNotExposeDetails" storage="d:\a\mymodule20220115\mymodule20220115\unittests\bin\unittests.dll" id="1a74e347-4470-5271-97ab-1ebaf8693270">
      <Execution id="3ca7ef11-1d3f-4fd9-ad96-61dcb1d7c106" />
      <TestMethod codeBase="D:\a\MyModule20220115\MyModule20220115\UnitTests\bin\UnitTests.dll" adapterTypeName="executor://xunit/VsTestRunner2/net" className="UnitTests.Controllers.ModuleExceptionFilterAttributeTests" name="SystemException_DoesNotExposeDetails" />
    </UnitTest>
    <UnitTest name="UnitTests.Data.Repositories.GenericRepositoryTests.GenericRepositoryConstructs" storage="d:\a\mymodule20220115\mymodule20220115\unittests\bin\unittests.dll" id="e4f8faa7-d0ad-86e6-1579-7bd52372b4c3">
      <Execution id="4f261aef-da0f-4a2a-9cce-ab9427469d37" />
      <TestMethod codeBase="D:\a\MyModule20220115\MyModule20220115\UnitTests\bin\UnitTests.dll" adapterTypeName="executor://xunit/VsTestRunner2/net" className="UnitTests.Data.Repositories.GenericRepositoryTests" name="GenericRepositoryConstructs" />
    </UnitTest>
    <UnitTest name="UnitTests.Services.ItemServiceTests.UpdateItem_NoName_Throws(name: null)" storage="d:\a\mymodule20220115\mymodule20220115\unittests\bin\unittests.dll" id="b76e01b1-6afe-f33b-c6a9-ea3347176509">
      <Execution id="37f6dc62-6ecf-4427-be44-82c2f5e0e099" />
      <TestMethod codeBase="D:\a\MyModule20220115\MyModule20220115\UnitTests\bin\UnitTests.dll" adapterTypeName="executor://xunit/VsTestRunner2/net" className="UnitTests.Services.ItemServiceTests" name="UpdateItem_NoName_Throws" />
    </UnitTest>
    <UnitTest name="UnitTests.Data.Repositories.GenericRepositoryTests.Repository_DeleteMissing_DoesNotThrow" storage="d:\a\mymodule20220115\mymodule20220115\unittests\bin\unittests.dll" id="f754f777-4449-23e8-f4ec-917f49117de2">
      <Execution id="8aaa72fd-da32-40ff-a3aa-59265ce3dda2" />
      <TestMethod codeBase="D:\a\MyModule20220115\MyModule20220115\UnitTests\bin\UnitTests.dll" adapterTypeName="executor://xunit/VsTestRunner2/net" className="UnitTests.Data.Repositories.GenericRepositoryTests" name="Repository_DeleteMissing_DoesNotThrow" />
    </UnitTest>
    <UnitTest name="UnitTests.EntensionMethodTests.IQueryable_IsOrdered_Works(ordered: True, descending: False, lastOrder: True)" storage="d:\a\mymodule20220115\mymodule20220115\unittests\bin\unittests.dll" id="3140ebc5-2430-06b3-4257-a6794b9b09ac">
      <Execution id="0a0808bb-bf22-4fae-8846-12e90cb69918" />
      <TestMethod codeBase="D:\a\MyModule20220115\MyModule20220115\UnitTests\bin\UnitTests.dll" adapterTypeName="executor://xunit/VsTestRunner2/net" className="UnitTests.EntensionMethodTests" name="IQueryable_IsOrdered_Works" />
    </UnitTest>
    <UnitTest name="UnitTests.Services.ItemServiceTests.CreateItem_NoNameThrows" storage="d:\a\mymodule20220115\mymodule20220115\unittests\bin\unittests.dll" id="19b6234c-c2df-2304-54f9-54b0da4cd6ba">
      <Execution id="a7b6fc41-4d05-4541-a84e-44b59d9eb25f" />
      <TestMethod codeBase="D:\a\MyModule20220115\MyModule20220115\UnitTests\bin\UnitTests.dll" adapterTypeName="executor://xunit/VsTestRunner2/net" className="UnitTests.Services.ItemServiceTests" name="CreateItem_NoNameThrows" />
    </UnitTest>
    <UnitTest name="UnitTests.Services.ItemServiceTests.DeleteItem_Deletes" storage="d:\a\mymodule20220115\mymodule20220115\unittests\bin\unittests.dll" id="e6610648-e456-1c64-d2b1-7e1242b871a8">
      <Execution id="42021d2d-a5c5-4711-a503-073c8036a178" />
      <TestMethod codeBase="D:\a\MyModule20220115\MyModule20220115\UnitTests\bin\UnitTests.dll" adapterTypeName="executor://xunit/VsTestRunner2/net" className="UnitTests.Services.ItemServiceTests" name="DeleteItem_Deletes" />
    </UnitTest>
    <UnitTest name="UnitTests.Data.Entities.ItemTests.ItemConstructsProperly" storage="d:\a\mymodule20220115\mymodule20220115\unittests\bin\unittests.dll" id="572fc310-4b67-9555-f147-153d39f2eb82">
      <Execution id="86e2d04f-919b-48f4-b63d-778cca71792e" />
      <TestMethod codeBase="D:\a\MyModule20220115\MyModule20220115\UnitTests\bin\UnitTests.dll" adapterTypeName="executor://xunit/VsTestRunner2/net" className="UnitTests.Data.Entities.ItemTests" name="ItemConstructsProperly" />
    </UnitTest>
    <UnitTest name="UnitTests.Services.ItemServiceTests.GetItemsPage_GetsPages(page: 1, pageSize: 10, descending: False, expectedPages: 3, returnedPage: 1)" storage="d:\a\mymodule20220115\mymodule20220115\unittests\bin\unittests.dll" id="19223079-ea41-5691-855c-970af1a1e611">
      <Execution id="f2cab6d8-8bc1-442a-8540-be57619cb1cd" />
      <TestMethod codeBase="D:\a\MyModule20220115\MyModule20220115\UnitTests\bin\UnitTests.dll" adapterTypeName="executor://xunit/VsTestRunner2/net" className="UnitTests.Services.ItemServiceTests" name="GetItemsPage_GetsPages" />
    </UnitTest>
    <UnitTest name="UnitTests.EntensionMethodTests.IQueryable_IsOrdered_Works(ordered: True, descending: True, lastOrder: True)" storage="d:\a\mymodule20220115\mymodule20220115\unittests\bin\unittests.dll" id="f46af852-6230-3d31-e31c-2959bffd491f">
      <Execution id="eb8e37d3-9f7f-4565-becc-4028001917cb" />
      <TestMethod codeBase="D:\a\MyModule20220115\MyModule20220115\UnitTests\bin\UnitTests.dll" adapterTypeName="executor://xunit/VsTestRunner2/net" className="UnitTests.EntensionMethodTests" name="IQueryable_IsOrdered_Works" />
    </UnitTest>
    <UnitTest name="UnitTests.Services.ItemServiceTests.UpdateItem_NoName_Throws(name: &quot;&quot;)" storage="d:\a\mymodule20220115\mymodule20220115\unittests\bin\unittests.dll" id="3cbfa5d3-e0f6-eff8-ed5c-556fa1f3e131">
      <Execution id="46860cba-6e30-4664-a9fc-9a20bc27ab80" />
      <TestMethod codeBase="D:\a\MyModule20220115\MyModule20220115\UnitTests\bin\UnitTests.dll" adapterTypeName="executor://xunit/VsTestRunner2/net" className="UnitTests.Services.ItemServiceTests" name="UpdateItem_NoName_Throws" />
    </UnitTest>
    <UnitTest name="UnitTests.Services.LoggingServiceTests.LogginService_TestableConstructorLogsErrorWithException" storage="d:\a\mymodule20220115\mymodule20220115\unittests\bin\unittests.dll" id="9168bdef-a759-f4d6-b890-b643e17324cf">
      <Execution id="e766f714-c411-4c54-80ba-4d5c8be2cb13" />
      <TestMethod codeBase="D:\a\MyModule20220115\MyModule20220115\UnitTests\bin\UnitTests.dll" adapterTypeName="executor://xunit/VsTestRunner2/net" className="UnitTests.Services.LoggingServiceTests" name="LogginService_TestableConstructorLogsErrorWithException" />
    </UnitTest>
    <UnitTest name="UnitTests.EntensionMethodTests.IQueryable_GetPage_PagesProperly(count: 20, page: 2, pageSize: 10, expedtedPages: 2, expectedItems: 10, firstId: 11, descending: False)" storage="d:\a\mymodule20220115\mymodule20220115\unittests\bin\unittests.dll" id="2695f427-ed7b-9f97-5696-f97a7702128c">
      <Execution id="61225e08-aec5-46cc-adb6-f69d486c6d0a" />
      <TestMethod codeBase="D:\a\MyModule20220115\MyModule20220115\UnitTests\bin\UnitTests.dll" adapterTypeName="executor://xunit/VsTestRunner2/net" className="UnitTests.EntensionMethodTests" name="IQueryable_GetPage_PagesProperly" />
    </UnitTest>
    <UnitTest name="UnitTests.Controllers.ItemControllerTests.UserCanEdit_ReturnsBool(canEdit: True)" storage="d:\a\mymodule20220115\mymodule20220115\unittests\bin\unittests.dll" id="aec60494-3c2e-8ec9-f948-da5bb2043983">
      <Execution id="2a9c1fe2-7e74-4362-a327-5aa89716985c" />
      <TestMethod codeBase="D:\a\MyModule20220115\MyModule20220115\UnitTests\bin\UnitTests.dll" adapterTypeName="executor://xunit/VsTestRunner2/net" className="UnitTests.Controllers.ItemControllerTests" name="UserCanEdit_ReturnsBool" />
    </UnitTest>
    <UnitTest name="UnitTests.EntensionMethodTests.IQueryable_IsOrdered_Works(ordered: False, descending: True, lastOrder: True)" storage="d:\a\mymodule20220115\mymodule20220115\unittests\bin\unittests.dll" id="d5b75914-a4f0-1327-0212-c8781f6dfe81">
      <Execution id="af2928e8-cdc5-4454-a2e2-51b578ddd724" />
      <TestMethod codeBase="D:\a\MyModule20220115\MyModule20220115\UnitTests\bin\UnitTests.dll" adapterTypeName="executor://xunit/VsTestRunner2/net" className="UnitTests.EntensionMethodTests" name="IQueryable_IsOrdered_Works" />
    </UnitTest>
    <UnitTest name="UnitTests.Services.ItemServiceTests.GetItemsPage_GetsPages(page: 0, pageSize: 0, descending: True, expectedPages: 30, returnedPage: 1)" storage="d:\a\mymodule20220115\mymodule20220115\unittests\bin\unittests.dll" id="0864c31d-6119-84d6-7f52-9d349dabbe84">
      <Execution id="56379425-cbb9-457c-aabe-6070b4ea28bb" />
      <TestMethod codeBase="D:\a\MyModule20220115\MyModule20220115\UnitTests\bin\UnitTests.dll" adapterTypeName="executor://xunit/VsTestRunner2/net" className="UnitTests.Services.ItemServiceTests" name="GetItemsPage_GetsPages" />
    </UnitTest>
    <UnitTest name="UnitTests.EntensionMethodTests.IQueryable_GetPage_EmptyDoesNotThrow" storage="d:\a\mymodule20220115\mymodule20220115\unittests\bin\unittests.dll" id="2d3a68b5-bf4c-0513-b733-5ed612794244">
      <Execution id="b153dad5-8083-4665-9491-c912d7bf5478" />
      <TestMethod codeBase="D:\a\MyModule20220115\MyModule20220115\UnitTests\bin\UnitTests.dll" adapterTypeName="executor://xunit/VsTestRunner2/net" className="UnitTests.EntensionMethodTests" name="IQueryable_GetPage_EmptyDoesNotThrow" />
    </UnitTest>
    <UnitTest name="UnitTests.Controllers.ModuleApiControllerTests.HasUserInfo" storage="d:\a\mymodule20220115\mymodule20220115\unittests\bin\unittests.dll" id="bae3532a-4a9e-c4ab-fc66-4dfa22d16170">
      <Execution id="b8d6adfe-20ad-4f70-aab0-f2aad9c6c08f" />
      <TestMethod codeBase="D:\a\MyModule20220115\MyModule20220115\UnitTests\bin\UnitTests.dll" adapterTypeName="executor://xunit/VsTestRunner2/net" className="UnitTests.Controllers.ModuleApiControllerTests" name="HasUserInfo" />
    </UnitTest>
    <UnitTest name="UnitTests.Services.ItemServiceTests.UpdateItem_NoName_Throws(name: &quot;  &quot;)" storage="d:\a\mymodule20220115\mymodule20220115\unittests\bin\unittests.dll" id="92b7b9f6-1294-7ea1-ffa3-91fba85074d4">
      <Execution id="d88dd087-b9c3-452b-bb9e-4e32fd736b8c" />
      <TestMethod codeBase="D:\a\MyModule20220115\MyModule20220115\UnitTests\bin\UnitTests.dll" adapterTypeName="executor://xunit/VsTestRunner2/net" className="UnitTests.Services.ItemServiceTests" name="UpdateItem_NoName_Throws" />
    </UnitTest>
    <UnitTest name="UnitTests.Data.Repositories.GenericRepositoryTests.Repository_Create_DefaultAudit" storage="d:\a\mymodule20220115\mymodule20220115\unittests\bin\unittests.dll" id="ae39aa62-5ff2-56e7-d00e-ef116d711d51">
      <Execution id="a3ddcb56-2439-4734-b994-1e02e50aceff" />
      <TestMethod codeBase="D:\a\MyModule20220115\MyModule20220115\UnitTests\bin\UnitTests.dll" adapterTypeName="executor://xunit/VsTestRunner2/net" className="UnitTests.Data.Repositories.GenericRepositoryTests" name="Repository_Create_DefaultAudit" />
    </UnitTest>
    <UnitTest name="UnitTests.Controllers.ValidateModelAttributeTests.OnActionExecuting_Valid_Works" storage="d:\a\mymodule20220115\mymodule20220115\unittests\bin\unittests.dll" id="e55f1742-c16d-5086-2251-ad3372dd48f5">
      <Execution id="b53549e6-131a-4d9b-a738-020f28ed92a6" />
      <TestMethod codeBase="D:\a\MyModule20220115\MyModule20220115\UnitTests\bin\UnitTests.dll" adapterTypeName="executor://xunit/VsTestRunner2/net" className="UnitTests.Controllers.ValidateModelAttributeTests" name="OnActionExecuting_Valid_Works" />
    </UnitTest>
    <UnitTest name="UnitTests.Services.ItemServiceTests.UpdateItem_NullDto_Throws" storage="d:\a\mymodule20220115\mymodule20220115\unittests\bin\unittests.dll" id="263c08b1-704a-f3c2-309e-6dee831dbdc9">
      <Execution id="68e1926f-5e73-4a3b-9195-a02e93398501" />
      <TestMethod codeBase="D:\a\MyModule20220115\MyModule20220115\UnitTests\bin\UnitTests.dll" adapterTypeName="executor://xunit/VsTestRunner2/net" className="UnitTests.Services.ItemServiceTests" name="UpdateItem_NullDto_Throws" />
    </UnitTest>
    <UnitTest name="UnitTests.Services.LoggingServiceTests.LoggingService_DefaultConstructorExists" storage="d:\a\mymodule20220115\mymodule20220115\unittests\bin\unittests.dll" id="8ba31d1b-48e3-e04e-cff0-b927c63b4a19">
      <Execution id="6e675070-904f-4939-8d19-9a99ae636380" />
      <TestMethod codeBase="D:\a\MyModule20220115\MyModule20220115\UnitTests\bin\UnitTests.dll" adapterTypeName="executor://xunit/VsTestRunner2/net" className="UnitTests.Services.LoggingServiceTests" name="LoggingService_DefaultConstructorExists" />
    </UnitTest>
    <UnitTest name="UnitTests.Data.Repositories.GenericRepositoryTests.GenericRepositoryGetsAll(iterations: 1)" storage="d:\a\mymodule20220115\mymodule20220115\unittests\bin\unittests.dll" id="d16880d7-fb44-f209-43d9-ba2e0e1875de">
      <Execution id="e95b5f19-a45a-4441-b72f-38146ee1948a" />
      <TestMethod codeBase="D:\a\MyModule20220115\MyModule20220115\UnitTests\bin\UnitTests.dll" adapterTypeName="executor://xunit/VsTestRunner2/net" className="UnitTests.Data.Repositories.GenericRepositoryTests" name="GenericRepositoryGetsAll" />
    </UnitTest>
    <UnitTest name="UnitTests.EntensionMethodTests.IQueryable_IsOrdered_ThrowsWithNull" storage="d:\a\mymodule20220115\mymodule20220115\unittests\bin\unittests.dll" id="73fc5149-51d6-8241-9c9f-f48c28e448e3">
      <Execution id="662d5230-3d11-40b2-afaf-16ef200b3a1b" />
      <TestMethod codeBase="D:\a\MyModule20220115\MyModule20220115\UnitTests\bin\UnitTests.dll" adapterTypeName="executor://xunit/VsTestRunner2/net" className="UnitTests.EntensionMethodTests" name="IQueryable_IsOrdered_ThrowsWithNull" />
    </UnitTest>
    <UnitTest name="UnitTests.Data.Repositories.GenericRepositoryTests.GenericRepositoryCreate_ThrowsWithNullEntity" storage="d:\a\mymodule20220115\mymodule20220115\unittests\bin\unittests.dll" id="36689490-09d4-917f-648a-70dcfcfede10">
      <Execution id="72a31bbd-d0ba-4560-ba99-8b1dc6df8fce" />
      <TestMethod codeBase="D:\a\MyModule20220115\MyModule20220115\UnitTests\bin\UnitTests.dll" adapterTypeName="executor://xunit/VsTestRunner2/net" className="UnitTests.Data.Repositories.GenericRepositoryTests" name="GenericRepositoryCreate_ThrowsWithNullEntity" />
    </UnitTest>
    <UnitTest name="UnitTests.Controllers.ItemControllerTests.CreateItem_Creates" storage="d:\a\mymodule20220115\mymodule20220115\unittests\bin\unittests.dll" id="588a2c1b-7788-beb2-ade0-06788d455d25">
      <Execution id="bf88eae3-fa82-4187-8209-18b4466a6d09" />
      <TestMethod codeBase="D:\a\MyModule20220115\MyModule20220115\UnitTests\bin\UnitTests.dll" adapterTypeName="executor://xunit/VsTestRunner2/net" className="UnitTests.Controllers.ItemControllerTests" name="CreateItem_Creates" />
    </UnitTest>
    <UnitTest name="UnitTests.Controllers.ModuleApiControllerTests.CanEdit_Set_Throws" storage="d:\a\mymodule20220115\mymodule20220115\unittests\bin\unittests.dll" id="5f92ec4d-d570-0452-b891-d4cee75db9dd">
      <Execution id="ec6f615b-6c0e-4ffc-9db0-54481f957ff3" />
      <TestMethod codeBase="D:\a\MyModule20220115\MyModule20220115\UnitTests\bin\UnitTests.dll" adapterTypeName="executor://xunit/VsTestRunner2/net" className="UnitTests.Controllers.ModuleApiControllerTests" name="CanEdit_Set_Throws" />
    </UnitTest>
    <UnitTest name="UnitTests.Data.Repositories.GenericRepositoryTests.Repository_Create_UsesUserId" storage="d:\a\mymodule20220115\mymodule20220115\unittests\bin\unittests.dll" id="e1c7f76f-6195-c844-23c0-304b47fbae66">
      <Execution id="14988ea4-d020-4e70-96bd-768fae4cd643" />
      <TestMethod codeBase="D:\a\MyModule20220115\MyModule20220115\UnitTests\bin\UnitTests.dll" adapterTypeName="executor://xunit/VsTestRunner2/net" className="UnitTests.Data.Repositories.GenericRepositoryTests" name="Repository_Create_UsesUserId" />
    </UnitTest>
    <UnitTest name="UnitTests.Controllers.ItemControllerTests.UpdateItem_Updates" storage="d:\a\mymodule20220115\mymodule20220115\unittests\bin\unittests.dll" id="315adde5-f36d-a74f-aa46-fb22a0f78cd9">
      <Execution id="d349ef1a-ba0b-442b-9914-ec71ebd80638" />
      <TestMethod codeBase="D:\a\MyModule20220115\MyModule20220115\UnitTests\bin\UnitTests.dll" adapterTypeName="executor://xunit/VsTestRunner2/net" className="UnitTests.Controllers.ItemControllerTests" name="UpdateItem_Updates" />
    </UnitTest>
    <UnitTest name="UnitTests.Controllers.ModuleExceptionFilterAttributeTests.ArgumentException_BadRequest" storage="d:\a\mymodule20220115\mymodule20220115\unittests\bin\unittests.dll" id="a21637b0-54f8-4fa0-bc3b-95481a9fd90b">
      <Execution id="13acf107-ef84-4287-958c-72fbd97d823d" />
      <TestMethod codeBase="D:\a\MyModule20220115\MyModule20220115\UnitTests\bin\UnitTests.dll" adapterTypeName="executor://xunit/VsTestRunner2/net" className="UnitTests.Controllers.ModuleExceptionFilterAttributeTests" name="ArgumentException_BadRequest" />
    </UnitTest>
    <UnitTest name="UnitTests.Controllers.ModuleExceptionFilterAttributeTests.NoException_DoesNothing" storage="d:\a\mymodule20220115\mymodule20220115\unittests\bin\unittests.dll" id="113f48ce-a6a3-c5df-7589-ba5a5fcb9c59">
      <Execution id="91ba3411-db17-4c9d-a2f2-492a87f95bb7" />
      <TestMethod codeBase="D:\a\MyModule20220115\MyModule20220115\UnitTests\bin\UnitTests.dll" adapterTypeName="executor://xunit/VsTestRunner2/net" className="UnitTests.Controllers.ModuleExceptionFilterAttributeTests" name="NoException_DoesNothing" />
    </UnitTest>
    <UnitTest name="UnitTests.Controllers.ItemControllerTests.GetItemsPage_GetsProperPages" storage="d:\a\mymodule20220115\mymodule20220115\unittests\bin\unittests.dll" id="1017c6c1-9dd0-57dc-36e7-bb573d02562e">
      <Execution id="2959b361-52b6-4141-b419-e7e9949598db" />
      <TestMethod codeBase="D:\a\MyModule20220115\MyModule20220115\UnitTests\bin\UnitTests.dll" adapterTypeName="executor://xunit/VsTestRunner2/net" className="UnitTests.Controllers.ItemControllerTests" name="GetItemsPage_GetsProperPages" />
    </UnitTest>
    <UnitTest name="UnitTests.Data.Repositories.GenericRepositoryTests.GenericRepositoryDeletes" storage="d:\a\mymodule20220115\mymodule20220115\unittests\bin\unittests.dll" id="0bc54975-0bff-692e-a9b3-fc69f2c95a39">
      <Execution id="0aad714c-40b1-40b5-9282-6e961586f701" />
      <TestMethod codeBase="D:\a\MyModule20220115\MyModule20220115\UnitTests\bin\UnitTests.dll" adapterTypeName="executor://xunit/VsTestRunner2/net" className="UnitTests.Data.Repositories.GenericRepositoryTests" name="GenericRepositoryDeletes" />
    </UnitTest>
    <UnitTest name="UnitTests.Controllers.ItemControllerTests.DeleteItem_Deletes(itemId: 10)" storage="d:\a\mymodule20220115\mymodule20220115\unittests\bin\unittests.dll" id="d6094ca1-b65b-5133-f464-9f7d01f0d023">
      <Execution id="89578a83-86f6-4d5e-83b2-56eb1288ca0f" />
      <TestMethod codeBase="D:\a\MyModule20220115\MyModule20220115\UnitTests\bin\UnitTests.dll" adapterTypeName="executor://xunit/VsTestRunner2/net" className="UnitTests.Controllers.ItemControllerTests" name="DeleteItem_Deletes" />
    </UnitTest>
    <UnitTest name="UnitTests.Data.Repositories.GenericRepositoryTests.GenericRepositoryUpdates" storage="d:\a\mymodule20220115\mymodule20220115\unittests\bin\unittests.dll" id="70ede014-c412-e387-bb98-e95b3b42090d">
      <Execution id="b55e4ef9-3a0d-4dce-97c5-ae138628bd34" />
      <TestMethod codeBase="D:\a\MyModule20220115\MyModule20220115\UnitTests\bin\UnitTests.dll" adapterTypeName="executor://xunit/VsTestRunner2/net" className="UnitTests.Data.Repositories.GenericRepositoryTests" name="GenericRepositoryUpdates" />
    </UnitTest>
    <UnitTest name="UnitTests.Services.ItemServiceTests.UpdateItem_Updates" storage="d:\a\mymodule20220115\mymodule20220115\unittests\bin\unittests.dll" id="130d9133-361f-a0da-f15e-423eb98947ac">
      <Execution id="c1cf5055-179a-44b4-b23f-b6386a55351a" />
      <TestMethod codeBase="D:\a\MyModule20220115\MyModule20220115\UnitTests\bin\UnitTests.dll" adapterTypeName="executor://xunit/VsTestRunner2/net" className="UnitTests.Services.ItemServiceTests" name="UpdateItem_Updates" />
    </UnitTest>
    <UnitTest name="UnitTests.Data.Repositories.GenericRepositoryTests.Repository_Update_DefaultAudit" storage="d:\a\mymodule20220115\mymodule20220115\unittests\bin\unittests.dll" id="44b00d3a-bad7-aefd-141c-4a35b11463b2">
      <Execution id="a2c98217-6e7c-4f5b-8b2d-de173e6fdfc6" />
      <TestMethod codeBase="D:\a\MyModule20220115\MyModule20220115\UnitTests\bin\UnitTests.dll" adapterTypeName="executor://xunit/VsTestRunner2/net" className="UnitTests.Data.Repositories.GenericRepositoryTests" name="Repository_Update_DefaultAudit" />
    </UnitTest>
    <UnitTest name="UnitTests.Data.Repositories.GenericRepositoryTests.GenericRepositoryGetsAll(iterations: 2)" storage="d:\a\mymodule20220115\mymodule20220115\unittests\bin\unittests.dll" id="ffe5c770-9b99-42c0-ce21-7e50cccf4385">
      <Execution id="c05a9071-0dc8-4fb0-91cc-dbb32ba4e386" />
      <TestMethod codeBase="D:\a\MyModule20220115\MyModule20220115\UnitTests\bin\UnitTests.dll" adapterTypeName="executor://xunit/VsTestRunner2/net" className="UnitTests.Data.Repositories.GenericRepositoryTests" name="GenericRepositoryGetsAll" />
    </UnitTest>
    <UnitTest name="UnitTests.Data.Repositories.GenericRepositoryTests.GenericRepositoryGetsAll(iterations: 0)" storage="d:\a\mymodule20220115\mymodule20220115\unittests\bin\unittests.dll" id="4fe0dd0f-2fa0-9c42-e816-a6df28150b72">
      <Execution id="a61ddea9-cd5e-4ce2-b9dd-625f380b7a23" />
      <TestMethod codeBase="D:\a\MyModule20220115\MyModule20220115\UnitTests\bin\UnitTests.dll" adapterTypeName="executor://xunit/VsTestRunner2/net" className="UnitTests.Data.Repositories.GenericRepositoryTests" name="GenericRepositoryGetsAll" />
    </UnitTest>
    <UnitTest name="UnitTests.EntensionMethodTests.IQueryable_IsOrdered_Works(ordered: False, descending: False, lastOrder: True)" storage="d:\a\mymodule20220115\mymodule20220115\unittests\bin\unittests.dll" id="0dc5a512-bfd0-bc80-f676-16e6d961ec4d">
      <Execution id="83b1147c-c766-4c0d-8ffe-b765eabd1699" />
      <TestMethod codeBase="D:\a\MyModule20220115\MyModule20220115\UnitTests\bin\UnitTests.dll" adapterTypeName="executor://xunit/VsTestRunner2/net" className="UnitTests.EntensionMethodTests" name="IQueryable_IsOrdered_Works" />
    </UnitTest>
    <UnitTest name="UnitTests.EntensionMethodTests.IQueryable_GetPage_PagesProperly(count: 0, page: 0, pageSize: 0, expedtedPages: 0, expectedItems: 0, firstId: null, descending: False)" storage="d:\a\mymodule20220115\mymodule20220115\unittests\bin\unittests.dll" id="8bbc68bc-7714-d990-1480-dfaedaafbd62">
      <Execution id="c6bb264d-1102-443a-937e-f63da1513a03" />
      <TestMethod codeBase="D:\a\MyModule20220115\MyModule20220115\UnitTests\bin\UnitTests.dll" adapterTypeName="executor://xunit/VsTestRunner2/net" className="UnitTests.EntensionMethodTests" name="IQueryable_GetPage_PagesProperly" />
    </UnitTest>
    <UnitTest name="UnitTests.Services.ItemServiceTests.CreateItem_NoItemThrows" storage="d:\a\mymodule20220115\mymodule20220115\unittests\bin\unittests.dll" id="f5652070-1b22-f5a7-3f3f-68b37c9184a8">
      <Execution id="967ca2ad-2732-4c46-b7c6-e58277e0142b" />
      <TestMethod codeBase="D:\a\MyModule20220115\MyModule20220115\UnitTests\bin\UnitTests.dll" adapterTypeName="executor://xunit/VsTestRunner2/net" className="UnitTests.Services.ItemServiceTests" name="CreateItem_NoItemThrows" />
    </UnitTest>
    <UnitTest name="UnitTests.Data.Entities.ItemTests.ItemPropertiesPersist(id: 1, name: &quot;Name1&quot;, description: &quot;Description1&quot;)" storage="d:\a\mymodule20220115\mymodule20220115\unittests\bin\unittests.dll" id="392ed628-2028-c945-b97e-893658a1e82b">
      <Execution id="f1ab5f10-0c62-4263-ba9d-ba1ffa3788c8" />
      <TestMethod codeBase="D:\a\MyModule20220115\MyModule20220115\UnitTests\bin\UnitTests.dll" adapterTypeName="executor://xunit/VsTestRunner2/net" className="UnitTests.Data.Entities.ItemTests" name="ItemPropertiesPersist" />
    </UnitTest>
    <UnitTest name="UnitTests.EntensionMethodTests.IQueryable_IsOrdered_Works(ordered: True, descending: False, lastOrder: False)" storage="d:\a\mymodule20220115\mymodule20220115\unittests\bin\unittests.dll" id="b72028ed-e29e-ac6a-9e2e-bf700facee4e">
      <Execution id="e2fbe3b9-2154-445b-ad30-49974c385557" />
      <TestMethod codeBase="D:\a\MyModule20220115\MyModule20220115\UnitTests\bin\UnitTests.dll" adapterTypeName="executor://xunit/VsTestRunner2/net" className="UnitTests.EntensionMethodTests" name="IQueryable_IsOrdered_Works" />
    </UnitTest>
  </TestDefinitions>
  <TestEntries>
    <TestEntry testId="8ba31d1b-48e3-e04e-cff0-b927c63b4a19" executionId="6e675070-904f-4939-8d19-9a99ae636380" testListId="8c84fa94-04c1-424b-9868-57a2d4851a1d" />
    <TestEntry testId="478b61ee-7d85-9dbe-985d-08c590f8666a" executionId="8d8e5eb9-834a-453c-b337-52ce4f720838" testListId="8c84fa94-04c1-424b-9868-57a2d4851a1d" />
    <TestEntry testId="aec60494-3c2e-8ec9-f948-da5bb2043983" executionId="2a9c1fe2-7e74-4362-a327-5aa89716985c" testListId="8c84fa94-04c1-424b-9868-57a2d4851a1d" />
    <TestEntry testId="572fc310-4b67-9555-f147-153d39f2eb82" executionId="86e2d04f-919b-48f4-b63d-778cca71792e" testListId="8c84fa94-04c1-424b-9868-57a2d4851a1d" />
    <TestEntry testId="e6610648-e456-1c64-d2b1-7e1242b871a8" executionId="42021d2d-a5c5-4711-a503-073c8036a178" testListId="8c84fa94-04c1-424b-9868-57a2d4851a1d" />
    <TestEntry testId="e1c7f76f-6195-c844-23c0-304b47fbae66" executionId="14988ea4-d020-4e70-96bd-768fae4cd643" testListId="8c84fa94-04c1-424b-9868-57a2d4851a1d" />
    <TestEntry testId="0bc54975-0bff-692e-a9b3-fc69f2c95a39" executionId="0aad714c-40b1-40b5-9282-6e961586f701" testListId="8c84fa94-04c1-424b-9868-57a2d4851a1d" />
    <TestEntry testId="f754f777-4449-23e8-f4ec-917f49117de2" executionId="8aaa72fd-da32-40ff-a3aa-59265ce3dda2" testListId="8c84fa94-04c1-424b-9868-57a2d4851a1d" />
    <TestEntry testId="d6094ca1-b65b-5133-f464-9f7d01f0d023" executionId="89578a83-86f6-4d5e-83b2-56eb1288ca0f" testListId="8c84fa94-04c1-424b-9868-57a2d4851a1d" />
    <TestEntry testId="588a2c1b-7788-beb2-ade0-06788d455d25" executionId="bf88eae3-fa82-4187-8209-18b4466a6d09" testListId="8c84fa94-04c1-424b-9868-57a2d4851a1d" />
    <TestEntry testId="315adde5-f36d-a74f-aa46-fb22a0f78cd9" executionId="d349ef1a-ba0b-442b-9914-ec71ebd80638" testListId="8c84fa94-04c1-424b-9868-57a2d4851a1d" />
    <TestEntry testId="d1c63cb7-1f9a-a8bf-a217-a4cbb4e5f73b" executionId="c5fd7c11-cc67-4d3c-8b97-bcd43946124b" testListId="8c84fa94-04c1-424b-9868-57a2d4851a1d" />
    <TestEntry testId="d5b75914-a4f0-1327-0212-c8781f6dfe81" executionId="af2928e8-cdc5-4454-a2e2-51b578ddd724" testListId="8c84fa94-04c1-424b-9868-57a2d4851a1d" />
    <TestEntry testId="130d9133-361f-a0da-f15e-423eb98947ac" executionId="c1cf5055-179a-44b4-b23f-b6386a55351a" testListId="8c84fa94-04c1-424b-9868-57a2d4851a1d" />
    <TestEntry testId="3cbfa5d3-e0f6-eff8-ed5c-556fa1f3e131" executionId="46860cba-6e30-4664-a9fc-9a20bc27ab80" testListId="8c84fa94-04c1-424b-9868-57a2d4851a1d" />
    <TestEntry testId="263c08b1-704a-f3c2-309e-6dee831dbdc9" executionId="68e1926f-5e73-4a3b-9195-a02e93398501" testListId="8c84fa94-04c1-424b-9868-57a2d4851a1d" />
    <TestEntry testId="19b6234c-c2df-2304-54f9-54b0da4cd6ba" executionId="a7b6fc41-4d05-4541-a84e-44b59d9eb25f" testListId="8c84fa94-04c1-424b-9868-57a2d4851a1d" />
    <TestEntry testId="70ede014-c412-e387-bb98-e95b3b42090d" executionId="b55e4ef9-3a0d-4dce-97c5-ae138628bd34" testListId="8c84fa94-04c1-424b-9868-57a2d4851a1d" />
    <TestEntry testId="ffe5c770-9b99-42c0-ce21-7e50cccf4385" executionId="c05a9071-0dc8-4fb0-91cc-dbb32ba4e386" testListId="8c84fa94-04c1-424b-9868-57a2d4851a1d" />
    <TestEntry testId="e55f1742-c16d-5086-2251-ad3372dd48f5" executionId="b53549e6-131a-4d9b-a738-020f28ed92a6" testListId="8c84fa94-04c1-424b-9868-57a2d4851a1d" />
    <TestEntry testId="d16880d7-fb44-f209-43d9-ba2e0e1875de" executionId="e95b5f19-a45a-4441-b72f-38146ee1948a" testListId="8c84fa94-04c1-424b-9868-57a2d4851a1d" />
    <TestEntry testId="d15ea2a7-9f9f-b92b-50fa-470898da705d" executionId="1996759a-dcbb-4288-96de-3154368f5887" testListId="8c84fa94-04c1-424b-9868-57a2d4851a1d" />
    <TestEntry testId="73fc5149-51d6-8241-9c9f-f48c28e448e3" executionId="662d5230-3d11-40b2-afaf-16ef200b3a1b" testListId="8c84fa94-04c1-424b-9868-57a2d4851a1d" />
    <TestEntry testId="4fe0dd0f-2fa0-9c42-e816-a6df28150b72" executionId="a61ddea9-cd5e-4ce2-b9dd-625f380b7a23" testListId="8c84fa94-04c1-424b-9868-57a2d4851a1d" />
    <TestEntry testId="5f92ec4d-d570-0452-b891-d4cee75db9dd" executionId="ec6f615b-6c0e-4ffc-9db0-54481f957ff3" testListId="8c84fa94-04c1-424b-9868-57a2d4851a1d" />
    <TestEntry testId="e4f8faa7-d0ad-86e6-1579-7bd52372b4c3" executionId="4f261aef-da0f-4a2a-9cce-ab9427469d37" testListId="8c84fa94-04c1-424b-9868-57a2d4851a1d" />
    <TestEntry testId="24cfa8b0-48c3-8aab-e4c2-88694c220e2c" executionId="47c84fa1-97b0-4105-a2f6-f267474873f9" testListId="8c84fa94-04c1-424b-9868-57a2d4851a1d" />
    <TestEntry testId="19223079-ea41-5691-855c-970af1a1e611" executionId="f2cab6d8-8bc1-442a-8540-be57619cb1cd" testListId="8c84fa94-04c1-424b-9868-57a2d4851a1d" />
    <TestEntry testId="1b051fa0-d4cc-1b32-80bb-d56b714e3066" executionId="c8161da2-8017-4bf3-ba6e-29beb725edf2" testListId="8c84fa94-04c1-424b-9868-57a2d4851a1d" />
    <TestEntry testId="168fc980-36e3-101b-62b1-f5ab71e9fc0d" executionId="b22fc96d-7a55-4d3c-8702-8913cd7a36be" testListId="8c84fa94-04c1-424b-9868-57a2d4851a1d" />
    <TestEntry testId="f5652070-1b22-f5a7-3f3f-68b37c9184a8" executionId="967ca2ad-2732-4c46-b7c6-e58277e0142b" testListId="8c84fa94-04c1-424b-9868-57a2d4851a1d" />
    <TestEntry testId="0247c7e7-7d1c-099b-2ac8-81a47ff2509a" executionId="030625d0-c37d-43e3-92fe-afdb213633de" testListId="8c84fa94-04c1-424b-9868-57a2d4851a1d" />
    <TestEntry testId="3140ebc5-2430-06b3-4257-a6794b9b09ac" executionId="0a0808bb-bf22-4fae-8846-12e90cb69918" testListId="8c84fa94-04c1-424b-9868-57a2d4851a1d" />
    <TestEntry testId="e6e0a140-85e7-6935-6160-ab95ecfd3c8a" executionId="a94b0292-5dfc-44da-83e7-34e554e12707" testListId="8c84fa94-04c1-424b-9868-57a2d4851a1d" />
    <TestEntry testId="92b7b9f6-1294-7ea1-ffa3-91fba85074d4" executionId="d88dd087-b9c3-452b-bb9e-4e32fd736b8c" testListId="8c84fa94-04c1-424b-9868-57a2d4851a1d" />
    <TestEntry testId="a21637b0-54f8-4fa0-bc3b-95481a9fd90b" executionId="05436187-86e3-487d-9346-340f6435aa8a" testListId="8c84fa94-04c1-424b-9868-57a2d4851a1d" />
    <TestEntry testId="a21637b0-54f8-4fa0-bc3b-95481a9fd90b" executionId="04a26bd2-8b0c-489e-a7ef-ef0b70293090" testListId="8c84fa94-04c1-424b-9868-57a2d4851a1d" />
    <TestEntry testId="a21637b0-54f8-4fa0-bc3b-95481a9fd90b" executionId="0ceadf27-a394-4900-968f-a082a2b86519" testListId="8c84fa94-04c1-424b-9868-57a2d4851a1d" />
    <TestEntry testId="0ebf358f-9eac-9438-b418-9c6aa81a6377" executionId="70cd8664-9493-43df-87a6-107005fb7341" testListId="8c84fa94-04c1-424b-9868-57a2d4851a1d" />
    <TestEntry testId="113f48ce-a6a3-c5df-7589-ba5a5fcb9c59" executionId="91ba3411-db17-4c9d-a2f2-492a87f95bb7" testListId="8c84fa94-04c1-424b-9868-57a2d4851a1d" />
    <TestEntry testId="2d3a68b5-bf4c-0513-b733-5ed612794244" executionId="b153dad5-8083-4665-9491-c912d7bf5478" testListId="8c84fa94-04c1-424b-9868-57a2d4851a1d" />
    <TestEntry testId="ae39aa62-5ff2-56e7-d00e-ef116d711d51" executionId="a3ddcb56-2439-4734-b994-1e02e50aceff" testListId="8c84fa94-04c1-424b-9868-57a2d4851a1d" />
    <TestEntry testId="f46af852-6230-3d31-e31c-2959bffd491f" executionId="eb8e37d3-9f7f-4565-becc-4028001917cb" testListId="8c84fa94-04c1-424b-9868-57a2d4851a1d" />
    <TestEntry testId="7e661283-b2b2-d632-266b-6af1f3374c08" executionId="d644070c-6c8a-4c51-94d9-db7655b658a4" testListId="8c84fa94-04c1-424b-9868-57a2d4851a1d" />
    <TestEntry testId="95a0a379-a9bd-3d99-f720-e626260de7f6" executionId="3854033d-4c32-478b-a3ea-86d22ddac311" testListId="8c84fa94-04c1-424b-9868-57a2d4851a1d" />
    <TestEntry testId="b80893de-3e2d-6029-ec19-65c03fd119c3" executionId="285b65d9-88ac-4db9-9bec-c7b107620ab4" testListId="8c84fa94-04c1-424b-9868-57a2d4851a1d" />
    <TestEntry testId="ac2a99ba-3563-74a9-7d4c-8e91a58cd097" executionId="684069c5-c58c-4794-ab5d-10e444d947bc" testListId="8c84fa94-04c1-424b-9868-57a2d4851a1d" />
    <TestEntry testId="96a18501-dea4-70b1-d572-baa1bb120da2" executionId="6d6dd9c3-ab09-4c4a-9e40-7f7cfe72c272" testListId="8c84fa94-04c1-424b-9868-57a2d4851a1d" />
    <TestEntry testId="a21637b0-54f8-4fa0-bc3b-95481a9fd90b" executionId="55a2a736-774b-4b17-a091-a789f8bb007b" testListId="8c84fa94-04c1-424b-9868-57a2d4851a1d" />
    <TestEntry testId="0dc5a512-bfd0-bc80-f676-16e6d961ec4d" executionId="83b1147c-c766-4c0d-8ffe-b765eabd1699" testListId="8c84fa94-04c1-424b-9868-57a2d4851a1d" />
    <TestEntry testId="1017c6c1-9dd0-57dc-36e7-bb573d02562e" executionId="2959b361-52b6-4141-b419-e7e9949598db" testListId="8c84fa94-04c1-424b-9868-57a2d4851a1d" />
    <TestEntry testId="44b00d3a-bad7-aefd-141c-4a35b11463b2" executionId="a2c98217-6e7c-4f5b-8b2d-de173e6fdfc6" testListId="8c84fa94-04c1-424b-9868-57a2d4851a1d" />
    <TestEntry testId="61a8ccc9-c5b1-047b-3c97-f777ccc7d30b" executionId="5d948d96-b8db-4fce-ac41-f68453681c98" testListId="8c84fa94-04c1-424b-9868-57a2d4851a1d" />
    <TestEntry testId="986d7e6e-d04d-b204-b01c-fbb8f09c7774" executionId="d2f101c6-cf24-40c3-8b5c-b186c18b27e1" testListId="8c84fa94-04c1-424b-9868-57a2d4851a1d" />
    <TestEntry testId="a21637b0-54f8-4fa0-bc3b-95481a9fd90b" executionId="5e3f7d18-e78f-4f18-b4e6-5d3f05e5b704" testListId="8c84fa94-04c1-424b-9868-57a2d4851a1d" />
    <TestEntry testId="1c164fbc-1ab1-9884-ccb8-9e84f4c977d0" executionId="1d483306-01c9-4cd2-9b12-ac0b6a1863ac" testListId="8c84fa94-04c1-424b-9868-57a2d4851a1d" />
    <TestEntry testId="9168bdef-a759-f4d6-b890-b643e17324cf" executionId="e766f714-c411-4c54-80ba-4d5c8be2cb13" testListId="8c84fa94-04c1-424b-9868-57a2d4851a1d" />
    <TestEntry testId="bae3532a-4a9e-c4ab-fc66-4dfa22d16170" executionId="b8d6adfe-20ad-4f70-aab0-f2aad9c6c08f" testListId="8c84fa94-04c1-424b-9868-57a2d4851a1d" />
    <TestEntry testId="0f141a30-05bd-f4ed-a627-d40adca6b3ca" executionId="899fd3c4-d5d8-4241-bf16-ba0c950885b4" testListId="8c84fa94-04c1-424b-9868-57a2d4851a1d" />
    <TestEntry testId="8bbc68bc-7714-d990-1480-dfaedaafbd62" executionId="c6bb264d-1102-443a-937e-f63da1513a03" testListId="8c84fa94-04c1-424b-9868-57a2d4851a1d" />
    <TestEntry testId="36689490-09d4-917f-648a-70dcfcfede10" executionId="72a31bbd-d0ba-4560-ba99-8b1dc6df8fce" testListId="8c84fa94-04c1-424b-9868-57a2d4851a1d" />
    <TestEntry testId="b76e01b1-6afe-f33b-c6a9-ea3347176509" executionId="37f6dc62-6ecf-4427-be44-82c2f5e0e099" testListId="8c84fa94-04c1-424b-9868-57a2d4851a1d" />
    <TestEntry testId="6f0b47a1-9d18-a5d8-8dd1-c8f266712c15" executionId="c2ff759f-c6cb-46b1-88e2-5f5dc49f948d" testListId="8c84fa94-04c1-424b-9868-57a2d4851a1d" />
    <TestEntry testId="1a74e347-4470-5271-97ab-1ebaf8693270" executionId="3ca7ef11-1d3f-4fd9-ad96-61dcb1d7c106" testListId="8c84fa94-04c1-424b-9868-57a2d4851a1d" />
    <TestEntry testId="0864c31d-6119-84d6-7f52-9d349dabbe84" executionId="56379425-cbb9-457c-aabe-6070b4ea28bb" testListId="8c84fa94-04c1-424b-9868-57a2d4851a1d" />
    <TestEntry testId="b72028ed-e29e-ac6a-9e2e-bf700facee4e" executionId="e2fbe3b9-2154-445b-ad30-49974c385557" testListId="8c84fa94-04c1-424b-9868-57a2d4851a1d" />
    <TestEntry testId="4bb697d7-9cb3-28c5-7c49-3e60c8ee823d" executionId="04e3d0a9-9e41-42e4-8d35-7c2d0acd49cc" testListId="8c84fa94-04c1-424b-9868-57a2d4851a1d" />
    <TestEntry testId="a21637b0-54f8-4fa0-bc3b-95481a9fd90b" executionId="13acf107-ef84-4287-958c-72fbd97d823d" testListId="8c84fa94-04c1-424b-9868-57a2d4851a1d" />
    <TestEntry testId="320e3c11-11d1-b3ef-0d2e-5e474f674ff1" executionId="37cc0169-09b8-4002-a8f3-37e0a32fe489" testListId="8c84fa94-04c1-424b-9868-57a2d4851a1d" />
    <TestEntry testId="ac1c50bc-98fd-036f-fe0f-d46cb187f90e" executionId="fae79fbb-99a1-486a-bc4e-94a7a1adcfd6" testListId="8c84fa94-04c1-424b-9868-57a2d4851a1d" />
    <TestEntry testId="ad3412e8-5f64-2020-a5b6-bd4cca8c3b7d" executionId="b4e8a1e2-6cd4-4795-b6d7-c0e78aab4546" testListId="8c84fa94-04c1-424b-9868-57a2d4851a1d" />
    <TestEntry testId="2aef35a8-73ad-0c03-c8a4-2b5a1d37af8f" executionId="3d728441-b98e-470c-90ec-1af686fe545a" testListId="8c84fa94-04c1-424b-9868-57a2d4851a1d" />
    <TestEntry testId="9207202d-19b8-8eb5-74dc-6aa5d849467c" executionId="40b1febe-5f8e-4abe-aa30-9749acf41d49" testListId="8c84fa94-04c1-424b-9868-57a2d4851a1d" />
    <TestEntry testId="a9198ad3-782e-a37c-0b5f-1330f5318f55" executionId="ec6b35cd-34ea-4834-a92b-a12082fda89f" testListId="8c84fa94-04c1-424b-9868-57a2d4851a1d" />
    <TestEntry testId="2695f427-ed7b-9f97-5696-f97a7702128c" executionId="61225e08-aec5-46cc-adb6-f69d486c6d0a" testListId="8c84fa94-04c1-424b-9868-57a2d4851a1d" />
    <TestEntry testId="392ed628-2028-c945-b97e-893658a1e82b" executionId="f1ab5f10-0c62-4263-ba9d-ba1ffa3788c8" testListId="8c84fa94-04c1-424b-9868-57a2d4851a1d" />
  </TestEntries>
  <TestLists>
    <TestList name="Results Not in a List" id="8c84fa94-04c1-424b-9868-57a2d4851a1d" />
    <TestList name="All Loaded Results" id="19431567-8539-422a-85d7-44ee4e166bda" />
  </TestLists>
  <ResultSummary outcome="Completed">
    <Counters total="76" executed="76" passed="76" failed="0" error="0" timeout="0" aborted="0" inconclusive="0" passedButRunAborted="0" notRunnable="0" notExecuted="0" disconnected="0" warning="0" completed="0" inProgress="0" pending="0" />
    <Output>
      <StdOut>[xUnit.net 00:00:00.00] xUnit.net VSTest Adapter v2.4.3+1b45f5407b (32-bit Desktop .NET 4.0.30319.42000)&#xD;
[xUnit.net 00:00:00.90]   Discovering: UnitTests&#xD;
[xUnit.net 00:00:01.13]   Discovered:  UnitTests&#xD;
[xUnit.net 00:00:01.13]   Starting:    UnitTests&#xD;
[xUnit.net 00:00:04.76]   Finished:    UnitTests&#xD;
</StdOut>
    </Output>
  </ResultSummary>
</TestRun>